 ray

 Timestamp is 60795045 (Fri Apr 16 16:52:21 2021)

 Preferred load address is 00400000

 Start         Length     Name                   Class
 0001:00000000 000001e0H .text$di                CODE
 0001:000001e0 00073e60H .text$mn                CODE
 0001:00074040 000023d0H .text$x                 CODE
 0001:00076410 000000d9H .text$yd                CODE
 0002:00000000 000006bcH .idata$5                DATA
 0002:000006bc 00000008H .00cfg                  DATA
 0002:000006c4 00000004H .CRT$XCA                DATA
 0002:000006c8 00000004H .CRT$XCAA               DATA
 0002:000006cc 00000004H .CRT$XCL                DATA
 0002:000006d0 0000002cH .CRT$XCU                DATA
 0002:000006fc 00000004H .CRT$XCZ                DATA
 0002:00000700 00000004H .CRT$XIA                DATA
 0002:00000704 00000004H .CRT$XIAA               DATA
 0002:00000708 00000004H .CRT$XIAC               DATA
 0002:0000070c 00000004H .CRT$XIC                DATA
 0002:00000710 00000004H .CRT$XIZ                DATA
 0002:00000714 00000004H .CRT$XLA                DATA
 0002:00000718 00000004H .CRT$XLZ                DATA
 0002:0000071c 00000004H .CRT$XPA                DATA
 0002:00000720 00000004H .CRT$XPZ                DATA
 0002:00000724 00000004H .CRT$XTA                DATA
 0002:00000728 00000008H .CRT$XTZ                DATA
 0002:0000072c 00000000H .gfids$y                DATA
 0002:00000730 00007d90H .rdata                  DATA
 0002:000084c0 00000004H .rdata$CastGuardVftablesA DATA
 0002:000084c4 00000004H .rdata$CastGuardVftablesC DATA
 0002:000084c8 00000018H .rdata$T                DATA
 0002:000084e0 000024f8H .rdata$r                DATA
 0002:0000a9d8 000003f4H .rdata$zzzdbg           DATA
 0002:0000adcc 00000004H .rtc$IAA                DATA
 0002:0000add0 00000004H .rtc$IZZ                DATA
 0002:0000add4 00000004H .rtc$TAA                DATA
 0002:0000add8 00000004H .rtc$TZZ                DATA
 0002:0000addc 00000004H .tls                    DATA
 0002:0000ade0 00000004H .tls$                   DATA
 0002:0000ade4 00000004H .tls$ZZZ                DATA
 0002:0000ade8 000020d8H .xdata$x                DATA
 0002:0000cec0 00000000H .edata                  DATA
 0002:0000cec0 000001b8H .idata$2                DATA
 0002:0000d078 00000014H .idata$3                DATA
 0002:0000d08c 000006bcH .idata$4                DATA
 0002:0000d748 0000249cH .idata$6                DATA
 0003:00000000 00001e88H .data                   DATA
 0003:00001e88 000009a0H .data$r                 DATA
 0003:00002828 000004e0H .data$rs                DATA
 0003:00002d08 000055e0H .bss                    DATA
 0004:00000000 00000060H .rsrc$01                DATA
 0004:00000060 00000180H .rsrc$02                DATA

  Address         Publics by Value              Rva+Base       Lib:Object

 0000:00000000       ___dynamic_value_reloc_table 00000000     <absolute>
 0000:00000000       ___arm64x_redirection_metadata_count 00000000     <absolute>
 0000:00000000       ___hybrid_code_map_count   00000000     <absolute>
 0000:00000000       ___enclave_config          00000000     <absolute>
 0000:00000000       ___AbsoluteZero            00000000     <absolute>
 0000:00000000       ___guard_check_icall_a64n_fptr 00000000     <absolute>
 0000:00000000       ___arm64x_extra_rfe_table  00000000     <absolute>
 0000:00000000       ___guard_longjmp_table     00000000     <absolute>
 0000:00000000       ___safe_se_handler_table   00000000     <absolute>
 0000:00000000       ___x64_code_ranges_to_entry_points_count 00000000     <absolute>
 0000:00000000       ___arm64x_native_entrypoint 00000000     <absolute>
 0000:00000000       ___arm64x_redirection_metadata 00000000     <absolute>
 0000:00000000       ___x64_code_ranges_to_entry_points 00000000     <absolute>
 0000:00000000       ___guard_eh_cont_count     00000000     <absolute>
 0000:00000000       ___guard_fids_table        00000000     <absolute>
 0000:00000000       ___guard_iat_count         00000000     <absolute>
 0000:00000000       ___arm64x_extra_rfe_table_size 00000000     <absolute>
 0000:00000000       ___hybrid_auxiliary_iat_copy 00000000     <absolute>
 0000:00000000       ___guard_fids_count        00000000     <absolute>
 0000:00000000       ___hybrid_code_map         00000000     <absolute>
 0000:00000000       ___volatile_metadata       00000000     <absolute>
 0000:00000000       ___safe_se_handler_count   00000000     <absolute>
 0000:00000000       ___guard_eh_cont_table     00000000     <absolute>
 0000:00000000       ___guard_longjmp_count     00000000     <absolute>
 0000:00000000       ___hybrid_auxiliary_iat    00000000     <absolute>
 0000:00000000       ___guard_iat_table         00000000     <absolute>
 0000:0000002c       __tls_array                0000002c     <absolute>
 0000:00000100       ___guard_flags             00000100     <absolute>
 0000:00000000       ___ImageBase               00400000     <linker-defined>
 0001:000001e0       ?GetOption@@YAHHPAPADPAD0@Z 004011e0 f   getopt.obj
 0001:000002c0       ?getopt@@YAHHPAPADPAD@Z    004012c0 f   getopt.obj
 0001:000003b0       ??_H@YGXPAXIIP6EPAX0@Z@Z   004013b0 f i main.obj
 0001:000003e0       ?processArgs@@YA_NHPAPAD@Z 004013e0 f   main.obj
 0001:000004d0       ?usage@@YAXXZ              004014d0 f   main.obj
 0001:000004f0       ___local_stdio_printf_options 004014f0 f i main.obj
 0001:00000500       _fprintf                   00401500 f i main.obj
 0001:00000530       _main                      00401530 f   main.obj
 0001:00000820       ??$_Allocate@$07U_Default_allocate_traits@std@@$0A@@std@@YAPAXI@Z 00401820 f i RayTracer.obj
 0001:00000870       ??$_Allocate_manually_vector_aligned@U_Default_allocate_traits@std@@@std@@YAPAXI@Z 00401870 f i RayTracer.obj
 0001:000008b0       ??$_Construct_in_place@PADABQAD@std@@YAXAAPADABQAD@Z 004018b0 f i RayTracer.obj
 0001:000008c0       ??$_Deallocate@$07$0A@@std@@YAXPAXI@Z 004018c0 f i RayTracer.obj
 0001:00000900       ??$_Voidify_iter@PAPAD@std@@YAPAXPAPAD@Z 00401900 f i RayTracer.obj
 0001:00000910       ??0RayTracer@@QAE@XZ       00401910 f   RayTracer.obj
 0001:00000940       ??0bad_alloc@std@@QAE@ABV01@@Z 00401940 f i RayTracer.obj
 0001:00000980       ??0bad_array_new_length@std@@QAE@ABV01@@Z 00401980 f i RayTracer.obj
 0001:000009c0       ??0bad_array_new_length@std@@QAE@XZ 004019c0 f i RayTracer.obj
 0001:000009e0       ??0exception@std@@QAE@ABV01@@Z 004019e0 f i RayTracer.obj
 0001:00000a10       ??0vec3f@@QAE@XZ           00401a10 f i RayTracer.obj
 0001:00000a20       ??1?$basic_string@DU?$char_traits@D@std@@V?$allocator@D@2@@std@@QAE@XZ 00401a20 f i RayTracer.obj
 0001:00000a70       ??1ParseError@@QAE@XZ      00401a70 f i RayTracer.obj
 0001:00000ac0       ??1RayTracer@@QAE@XZ       00401ac0 f   RayTracer.obj
 0001:00000ae0       ??1bad_array_new_length@std@@UAE@XZ 00401ae0 f i RayTracer.obj
 0001:00000b00       ??1exception@std@@UAE@XZ   00401b00 f i RayTracer.obj
 0001:00000b20       ??1isect@@QAE@XZ           00401b20 f i RayTracer.obj
 0001:00000b40       ??_Ebad_alloc@std@@UAEPAXI@Z 00401b40 f i RayTracer.obj
 0001:00000b40       ??_Gbad_alloc@std@@UAEPAXI@Z 00401b40 f i RayTracer.obj
 0001:00000b70       ??_Ebad_array_new_length@std@@UAEPAXI@Z 00401b70 f i RayTracer.obj
 0001:00000b70       ??_Gbad_array_new_length@std@@UAEPAXI@Z 00401b70 f i RayTracer.obj
 0001:00000ba0       ??_Gexception@std@@UAEPAXI@Z 00401ba0 f i RayTracer.obj
 0001:00000ba0       ??_Eexception@std@@UAEPAXI@Z 00401ba0 f i RayTracer.obj
 0001:00000bd0       ?TIRCheck@RayTracer@@AAE_NNNABVvec3f@@V2@@Z 00401bd0 f   RayTracer.obj
 0001:00000c40       ?_Throw_bad_array_new_length@std@@YAXXZ 00401c40 f i RayTracer.obj
 0001:00000c60       ?_Xlen_string@std@@YAXXZ   00401c60 f i RayTracer.obj
 0001:00000c70       ?allocate@?$allocator@D@std@@QAEPADI@Z 00401c70 f i RayTracer.obj
 0001:00000cd0       ?aspectRatio@RayTracer@@QAENXZ 00401cd0 f   RayTracer.obj
 0001:00000d10       ?assign@?$basic_string@DU?$char_traits@D@std@@V?$allocator@D@2@@std@@QAEAAV12@QBDI@Z 00401d10 f i RayTracer.obj
 0001:00000e00       ?getBuffer@RayTracer@@QAEXAAPAEAAH1@Z 00401e00 f   RayTracer.obj
 0001:00000e20       ?loadScene@RayTracer@@QAE_NPAD@Z 00401e20 f   RayTracer.obj
 0001:00000f80       ?reflection@RayTracer@@AAE?AVray@@ABVisect@@ABV2@@Z 00401f80 f   RayTracer.obj
 0001:000010a0       ?refraction@RayTracer@@AAE?AVray@@NNABVisect@@ABV2@@Z 004020a0 f   RayTracer.obj
 0001:00001250       ?sceneLoaded@RayTracer@@QAE_NXZ 00402250 f   RayTracer.obj
 0001:00001260       ?trace@RayTracer@@QAE?AVvec3f@@PAVScene@@NN@Z 00402260 f   RayTracer.obj
 0001:00001350       ?traceLines@RayTracer@@QAEXHH@Z 00402350 f   RayTracer.obj
 0001:000014e0       ?tracePixel@RayTracer@@QAEXHH@Z 004024e0 f   RayTracer.obj
 0001:00001620       ?traceRay@RayTracer@@QAE?AVvec3f@@PAVScene@@ABVray@@ABV2@H@Z 00402620 f   RayTracer.obj
 0001:00001d80       ?traceSetup@RayTracer@@QAEXHH@Z 00402d80 f   RayTracer.obj
 0001:00001de0       ?what@exception@std@@UBEPBDXZ 00402de0 f i RayTracer.obj
 0001:00001df0       ??0TraceGLWindow@@QAE@HHHHPBD@Z 00402df0 f   TraceGLWindow.obj
 0001:00001e70       ??_GFl_Gl_Window@@UAEPAXI@Z 00402e70 f i TraceGLWindow.obj
 0001:00001e70       ??_EFl_Gl_Window@@UAEPAXI@Z 00402e70 f i TraceGLWindow.obj
 0001:00001ea0       ??_GTraceGLWindow@@UAEPAXI@Z 00402ea0 f i TraceGLWindow.obj
 0001:00001ea0       ??_ETraceGLWindow@@UAEPAXI@Z 00402ea0 f i TraceGLWindow.obj
 0001:00001ed0       ?as_gl_window@Fl_Gl_Window@@UAEPAV1@XZ 00402ed0 f i TraceGLWindow.obj
 0001:00001ee0       ?as_group@Fl_Group@@UAEPAV1@XZ 00402ee0 f i TraceGLWindow.obj
 0001:00001ef0       ?as_window@Fl_Window@@UAEPAV1@XZ 00402ef0 f i TraceGLWindow.obj
 0001:00001f00       ?draw@TraceGLWindow@@UAEXXZ 00402f00 f   TraceGLWindow.obj
 0001:00001fe0       ?handle@TraceGLWindow@@UAEHH@Z 00402fe0 f   TraceGLWindow.obj
 0001:00001ff0       ?refresh@TraceGLWindow@@QAEXXZ 00402ff0 f   TraceGLWindow.obj
 0001:00002000       ?resizeWindow@TraceGLWindow@@QAEXHH@Z 00403000 f   TraceGLWindow.obj
 0001:00002030       ?saveImage@TraceGLWindow@@QAEXPAD@Z 00403030 f   TraceGLWindow.obj
 0001:00002080       ?setRayTracer@TraceGLWindow@@QAEXPAVRayTracer@@@Z 00403080 f   TraceGLWindow.obj
 0001:00002090       ?cb_load_scene@TraceUI@@CAXPAVFl_Menu_@@PAX@Z 00403090 f   TraceUI.obj
 0001:00002130       ?cb_save_image@TraceUI@@CAXPAVFl_Menu_@@PAX@Z 00403130 f   TraceUI.obj
 0001:00002170       ?cb_exit@TraceUI@@CAXPAVFl_Menu_@@PAX@Z 00403170 f   TraceUI.obj
 0001:000021a0       ?cb_about@TraceUI@@CAXPAVFl_Menu_@@PAX@Z 004031a0 f   TraceUI.obj
 0001:000021b0       ??0TraceUI@@QAE@XZ         004031b0 f   TraceUI.obj
 0001:00002750       ?cb_constAttenSlides@TraceUI@@CAXPAVFl_Widget@@PAX@Z 00403750 f   TraceUI.obj
 0001:00002770       ?cb_depthSlides@TraceUI@@CAXPAVFl_Widget@@PAX@Z 00403770 f   TraceUI.obj
 0001:00002790       ?cb_exit2@TraceUI@@CAXPAVFl_Widget@@PAX@Z 00403790 f   TraceUI.obj
 0001:000027c0       ?cb_linearAttenSlides@TraceUI@@CAXPAVFl_Widget@@PAX@Z 004037c0 f   TraceUI.obj
 0001:000027e0       ?cb_quadAttenSlides@TraceUI@@CAXPAVFl_Widget@@PAX@Z 004037e0 f   TraceUI.obj
 0001:00002800       ?cb_render@TraceUI@@CAXPAVFl_Widget@@PAX@Z 00403800 f   TraceUI.obj
 0001:00002a10       ?cb_sizeSlides@TraceUI@@CAXPAVFl_Widget@@PAX@Z 00403a10 f   TraceUI.obj
 0001:00002a60       ?cb_stop@TraceUI@@CAXPAVFl_Widget@@PAX@Z 00403a60 f   TraceUI.obj
 0001:00002a70       ?getConstAtten@TraceUI@@QAENXZ 00403a70 f   TraceUI.obj
 0001:00002a80       ?getDepth@TraceUI@@QAEHXZ  00403a80 f   TraceUI.obj
 0001:00002a90       ?getLinearAtten@TraceUI@@QAENXZ 00403a90 f   TraceUI.obj
 0001:00002aa0       ?getQuadAtten@TraceUI@@QAENXZ 00403aa0 f   TraceUI.obj
 0001:00002ab0       ?getSize@TraceUI@@QAEHXZ   00403ab0 f   TraceUI.obj
 0001:00002ac0       ?setRayTracer@TraceUI@@QAEXPAVRayTracer@@@Z 00403ac0 f   TraceUI.obj
 0001:00002ae0       ?show@TraceUI@@QAEXXZ      00403ae0 f   TraceUI.obj
 0001:00002af0       ?whoami@TraceUI@@CAPAV1@PAVFl_Menu_@@@Z 00403af0 f   TraceUI.obj
 0001:00002b00       _sprintf                   00403b00 f i TraceUI.obj
 0001:00002b40       ?readBMP@@YAPAEPADAAH1@Z   00403b40 f   bitmap.obj
 0001:00002cd0       ?writeBMP@@YAXPADHHPAE@Z   00403cd0 f   bitmap.obj
 0001:00002e60       ??$?6DU?$char_traits@D@std@@V?$allocator@D@1@@std@@YAAAV?$basic_ostream@DU?$char_traits@D@std@@@0@AAV10@ABV?$basic_string@DU?$char_traits@D@std@@V?$allocator@D@2@@0@@Z 00403e60 f i parse.obj
 0001:00002e90       ??$?6U?$char_traits@D@std@@@std@@YAAAV?$basic_ostream@DU?$char_traits@D@std@@@0@AAV10@D@Z 00403e90 f i parse.obj
 0001:00003060       ??$?6U?$char_traits@D@std@@@std@@YAAAV?$basic_ostream@DU?$char_traits@D@std@@@0@AAV10@PBD@Z 00404060 f i parse.obj
 0001:00003250       ??$?8DU?$char_traits@D@std@@V?$allocator@D@1@@std@@YA_NABV?$basic_string@DU?$char_traits@D@std@@V?$allocator@D@2@@0@QBD@Z 00404250 f i parse.obj
 0001:000032e0       ??$?HDU?$char_traits@D@std@@V?$allocator@D@1@@std@@YA?AV?$basic_string@DU?$char_traits@D@std@@V?$allocator@D@2@@0@$$QAV10@0@Z 004042e0 f i parse.obj
 0001:00003300       ??$?HDU?$char_traits@D@std@@V?$allocator@D@1@@std@@YA?AV?$basic_string@DU?$char_traits@D@std@@V?$allocator@D@2@@0@$$QAV10@ABV10@@Z 00404300 f i parse.obj
 0001:00003360       ??$?MDU?$char_traits@D@std@@V?$allocator@D@1@@std@@YA_NABV?$basic_string@DU?$char_traits@D@std@@V?$allocator@D@2@@0@0@Z 00404360 f i parse.obj
 0001:000033a0       ??$_Construct_in_place@PAU?$_Tree_node@U?$pair@$$CBV?$basic_string@DU?$char_traits@D@std@@V?$allocator@D@2@@std@@PAVObj@@@std@@PAX@std@@AAPAU12@@std@@YAXAAPAU?$_Tree_node@U?$pair@$$CBV?$basic_string@DU?$char_traits@D@std@@V?$allocator@D@2@@std@@PAVObj@@@std@@PAX@0@0@Z 004043a0 f i parse.obj
 0001:000033b0       ??$_Construct_in_place@PAU?$_Tree_node@U?$pair@$$CBV?$basic_string@DU?$char_traits@D@std@@V?$allocator@D@2@@std@@PAVObj@@@std@@PAX@std@@ABQAU12@@std@@YAXAAPAU?$_Tree_node@U?$pair@$$CBV?$basic_string@DU?$char_traits@D@std@@V?$allocator@D@2@@std@@PAVObj@@@std@@PAX@0@ABQAU10@@Z 004043b0 f i parse.obj
 0001:000033c0       ??$_Copy_memmove@PAPAVObj@@PAPAV1@@std@@YAPAPAVObj@@PAPAV1@00@Z 004043c0 f i parse.obj
 0001:000033f0       ??$_Copy_nodes@U_Copy_tag@?$_Tree@V?$_Tmap_traits@V?$basic_string@DU?$char_traits@D@std@@V?$allocator@D@2@@std@@PAVObj@@U?$less@V?$basic_string@DU?$char_traits@D@std@@V?$allocator@D@2@@std@@@2@V?$allocator@U?$pair@$$CBV?$basic_string@DU?$char_traits@D@std@@V?$allocator@D@2@@std@@PAVObj@@@std@@@2@$0A@@std@@@std@@@?$_Tree@V?$_Tmap_traits@V?$basic_string@DU?$char_traits@D@std@@V?$allocator@D@2@@std@@PAVObj@@U?$less@V?$basic_string@DU?$char_traits@D@std@@V?$allocator@D@2@@std@@@2@V?$allocator@U?$pair@$$CBV?$basic_string@DU?$char_traits@D@std@@V?$allocator@D@2@@std@@PAVObj@@@std@@@2@$0A@@std@@@std@@IAEPAU?$_Tree_node@U?$pair@$$CBV?$basic_string@DU?$char_traits@D@std@@V?$allocator@D@2@@std@@PAVObj@@@std@@PAX@1@PAU21@0U_Copy_tag@01@@Z 004043f0 f i parse.obj
 0001:000034f0       ??$_Destroy_range@V?$allocator@PAVObj@@@std@@@std@@YAXPAPAVObj@@QAPAV1@AAV?$allocator@PAVObj@@@0@@Z 004044f0 f i parse.obj
 0001:00003500       ??$_Emplace_reallocate@PAVObj@@@?$vector@PAVObj@@V?$allocator@PAVObj@@@std@@@std@@QAEPAPAVObj@@QAPAV2@$$QAPAV2@@Z 00404500 f i parse.obj
 0001:00003610       ??$_Erase_tree@V?$allocator@U?$_Tree_node@U?$pair@$$CBV?$basic_string@DU?$char_traits@D@std@@V?$allocator@D@2@@std@@PAVObj@@@std@@PAX@std@@@std@@@?$_Tree_val@U?$_Tree_simple_types@U?$pair@$$CBV?$basic_string@DU?$char_traits@D@std@@V?$allocator@D@2@@std@@PAVObj@@@std@@@std@@@std@@QAEXAAV?$allocator@U?$_Tree_node@U?$pair@$$CBV?$basic_string@DU?$char_traits@D@std@@V?$allocator@D@2@@std@@PAVObj@@@std@@PAX@std@@@1@PAU?$_Tree_node@U?$pair@$$CBV?$basic_string@DU?$char_traits@D@std@@V?$allocator@D@2@@std@@PAVObj@@@std@@PAX@1@@Z 00404610 f i parse.obj
 0001:000036a0       ??$_Erase_tree_and_orphan@V?$allocator@U?$_Tree_node@U?$pair@$$CBV?$basic_string@DU?$char_traits@D@std@@V?$allocator@D@2@@std@@PAVObj@@@std@@PAX@std@@@std@@@?$_Tree_val@U?$_Tree_simple_types@U?$pair@$$CBV?$basic_string@DU?$char_traits@D@std@@V?$allocator@D@2@@std@@PAVObj@@@std@@@std@@@std@@QAEXAAV?$allocator@U?$_Tree_node@U?$pair@$$CBV?$basic_string@DU?$char_traits@D@std@@V?$allocator@D@2@@std@@PAVObj@@@std@@PAX@std@@@1@PAU?$_Tree_node@U?$pair@$$CBV?$basic_string@DU?$char_traits@D@std@@V?$allocator@D@2@@std@@PAVObj@@@std@@PAX@1@@Z 004046a0 f i parse.obj
 0001:00003730       ??$_Insert_string@DU?$char_traits@D@std@@I@std@@YAAAV?$basic_ostream@DU?$char_traits@D@std@@@0@AAV10@QBDI@Z 00404730 f i parse.obj
 0001:000038e0       ??$_Pocma@V?$allocator@D@std@@@std@@YAXAAV?$allocator@D@0@0@Z 004048e0 f i parse.obj
 0001:000038f0       ??$_Traits_compare@U?$char_traits@D@std@@@std@@YAHQBDI0I@Z 004048f0 f i parse.obj
 0001:00003980       ??$_Uninitialized_copy@PAPAVObj@@V?$allocator@PAVObj@@@std@@@std@@YAPAPAVObj@@QAPAV1@0PAPAV1@AAV?$allocator@PAVObj@@@0@@Z 00404980 f i parse.obj
 0001:000039b0       ??$_Uninitialized_move@PAPAVObj@@V?$allocator@PAVObj@@@std@@@std@@YAPAPAVObj@@QAPAV1@0PAPAV1@AAV?$allocator@PAVObj@@@0@@Z 004049b0 f i parse.obj
 0001:000039e0       ??$_Voidify_iter@PAPAU?$_Tree_node@U?$pair@$$CBV?$basic_string@DU?$char_traits@D@std@@V?$allocator@D@2@@std@@PAVObj@@@std@@PAX@std@@@std@@YAPAXPAPAU?$_Tree_node@U?$pair@$$CBV?$basic_string@DU?$char_traits@D@std@@V?$allocator@D@2@@std@@PAVObj@@@std@@PAX@0@@Z 004049e0 f i parse.obj
 0001:000039f0       ??0?$basic_string@DU?$char_traits@D@std@@V?$allocator@D@2@@std@@QAE@ABV01@@Z 004049f0 f i parse.obj
 0001:00003a80       ??0?$basic_string@DU?$char_traits@D@std@@V?$allocator@D@2@@std@@QAE@QBD@Z 00404a80 f i parse.obj
 0001:00003ac0       ??0?$basic_string@DU?$char_traits@D@std@@V?$allocator@D@2@@std@@QAE@U_String_constructor_concat_tag@1@AAV01@1@Z 00404ac0 f i parse.obj
 0001:00003c40       ??0Exception@@QAE@ABV0@@Z  00404c40 f i parse.obj
 0001:00003c60       ??0IdObj@@QAE@ABV?$basic_string@DU?$char_traits@D@std@@V?$allocator@D@2@@std@@@Z 00404c60 f i parse.obj
 0001:00003cc0       ??0ObjTypeMismatch@@QAE@ABV0@@Z 00404cc0 f i parse.obj
 0001:00003ce0       ??0ObjTypeMismatch@@QAE@V?$basic_string@DU?$char_traits@D@std@@V?$allocator@D@2@@std@@0@Z 00404ce0 f i parse.obj
 0001:000040d0       ??0ParseError@@QAE@ABV0@@Z 004050d0 f i parse.obj
 0001:000040f0       ??0ParseError@@QAE@ABV?$basic_string@DU?$char_traits@D@std@@V?$allocator@D@2@@std@@@Z 004050f0 f i parse.obj
 0001:00004110       ??0sentry@?$basic_ostream@DU?$char_traits@D@std@@@std@@QAE@AAV12@@Z 00405110 f i parse.obj
 0001:000041b0       ??1?$_Alloc_construct_ptr@V?$allocator@U?$_Tree_node@U?$pair@$$CBV?$basic_string@DU?$char_traits@D@std@@V?$allocator@D@2@@std@@PAVObj@@@std@@PAX@std@@@std@@@std@@QAE@XZ 004051b0 f i parse.obj
 0001:000041d0       ??1?$_Tree_head_scoped_ptr@V?$allocator@U?$_Tree_node@U?$pair@$$CBV?$basic_string@DU?$char_traits@D@std@@V?$allocator@D@2@@std@@PAVObj@@@std@@PAX@std@@@std@@V?$_Tree_val@U?$_Tree_simple_types@U?$pair@$$CBV?$basic_string@DU?$char_traits@D@std@@V?$allocator@D@2@@std@@PAVObj@@@std@@@std@@@2@@std@@QAE@XZ 004051d0 f i parse.obj
 0001:00004200       ??1?$_Tree_temp_node_alloc@V?$allocator@U?$_Tree_node@U?$pair@$$CBV?$basic_string@DU?$char_traits@D@std@@V?$allocator@D@2@@std@@PAVObj@@@std@@PAX@std@@@std@@@std@@QAE@XZ 00405200 f i parse.obj
 0001:00004220       ??1?$map@V?$basic_string@DU?$char_traits@D@std@@V?$allocator@D@2@@std@@PAVObj@@U?$less@V?$basic_string@DU?$char_traits@D@std@@V?$allocator@D@2@@std@@@2@V?$allocator@U?$pair@$$CBV?$basic_string@DU?$char_traits@D@std@@V?$allocator@D@2@@std@@PAVObj@@@std@@@2@@std@@QAE@XZ 00405220 f i parse.obj
 0001:00004240       ??1?$vector@PAVObj@@V?$allocator@PAVObj@@@std@@@std@@QAE@XZ 00405240 f i parse.obj
 0001:000042a0       ??1BooleanObj@@UAE@XZ      004052a0 f i parse.obj
 0001:000042b0       ??1DictObj@@UAE@XZ         004052b0 f i parse.obj
 0001:00004320       ??1IdObj@@UAE@XZ           00405320 f i parse.obj
 0001:00004380       ??1NamedObj@@UAE@XZ        00405380 f i parse.obj
 0001:000043f0       ??1Obj@@UAE@XZ             004053f0 f i parse.obj
 0001:00004400       ??1ObjTypeMismatch@@QAE@XZ 00405400 f i parse.obj
 0001:00004450       ??1ScalarObj@@UAE@XZ       00405450 f i parse.obj
 0001:00004460       ??1StringObj@@UAE@XZ       00405460 f i parse.obj
 0001:000044c0       ??1TupleObj@@UAE@XZ        004054c0 f i parse.obj
 0001:00004540       ??1_Sentry_base@?$basic_ostream@DU?$char_traits@D@std@@@std@@QAE@XZ 00405540 f i parse.obj
 0001:00004590       ??1sentry@?$basic_ostream@DU?$char_traits@D@std@@@std@@QAE@XZ 00405590 f i parse.obj
 0001:00004600       ??E?$_Tree_const_iterator@V?$_Tree_val@U?$_Tree_simple_types@U?$pair@$$CBV?$basic_string@DU?$char_traits@D@std@@V?$allocator@D@2@@std@@PAVObj@@@std@@@std@@@std@@@std@@QAEAAV01@XZ 00405600 f i parse.obj
 0001:00004660       ??_EBooleanObj@@UAEPAXI@Z  00405660 f i parse.obj
 0001:00004660       ??_GBooleanObj@@UAEPAXI@Z  00405660 f i parse.obj
 0001:00004690       ??_EDictObj@@UAEPAXI@Z     00405690 f i parse.obj
 0001:00004690       ??_GDictObj@@UAEPAXI@Z     00405690 f i parse.obj
 0001:00004710       ??_GIdObj@@UAEPAXI@Z       00405710 f i parse.obj
 0001:00004710       ??_EIdObj@@UAEPAXI@Z       00405710 f i parse.obj
 0001:00004790       ??_GNamedObj@@UAEPAXI@Z    00405790 f i parse.obj
 0001:00004790       ??_ENamedObj@@UAEPAXI@Z    00405790 f i parse.obj
 0001:00004810       ??_GObj@@UAEPAXI@Z         00405810 f i parse.obj
 0001:00004810       ??_EObj@@UAEPAXI@Z         00405810 f i parse.obj
 0001:00004840       ??_GScalarObj@@UAEPAXI@Z   00405840 f i parse.obj
 0001:00004840       ??_EScalarObj@@UAEPAXI@Z   00405840 f i parse.obj
 0001:00004870       ??_GStringObj@@UAEPAXI@Z   00405870 f i parse.obj
 0001:00004870       ??_EStringObj@@UAEPAXI@Z   00405870 f i parse.obj
 0001:000048f0       ??_GTupleObj@@UAEPAXI@Z    004058f0 f i parse.obj
 0001:000048f0       ??_ETupleObj@@UAEPAXI@Z    004058f0 f i parse.obj
 0001:00004990       ?_Getal@?$_Tree@V?$_Tmap_traits@V?$basic_string@DU?$char_traits@D@std@@V?$allocator@D@2@@std@@PAVObj@@U?$less@V?$basic_string@DU?$char_traits@D@std@@V?$allocator@D@2@@std@@@2@V?$allocator@U?$pair@$$CBV?$basic_string@DU?$char_traits@D@std@@V?$allocator@D@2@@std@@PAVObj@@@std@@@2@$0A@@std@@@std@@IAEAAV?$allocator@U?$_Tree_node@U?$pair@$$CBV?$basic_string@DU?$char_traits@D@std@@V?$allocator@D@2@@std@@PAVObj@@@std@@PAX@std@@@2@XZ 00405990 f i parse.obj
 0001:000049a0       ?_Insert_node@?$_Tree_val@U?$_Tree_simple_types@U?$pair@$$CBV?$basic_string@DU?$char_traits@D@std@@V?$allocator@D@2@@std@@PAVObj@@@std@@@std@@@std@@QAEPAU?$_Tree_node@U?$pair@$$CBV?$basic_string@DU?$char_traits@D@std@@V?$allocator@D@2@@std@@PAVObj@@@std@@PAX@2@U?$_Tree_id@PAU?$_Tree_node@U?$pair@$$CBV?$basic_string@DU?$char_traits@D@std@@V?$allocator@D@2@@std@@PAVObj@@@std@@PAX@std@@@2@QAU32@@Z 004059a0 f i parse.obj
 0001:00004bb0       ?_Throw_tree_length_error@std@@YAXXZ 00405bb0 f i parse.obj
 0001:00004bc0       ?_Xlength@?$vector@PAVObj@@V?$allocator@PAVObj@@@std@@@std@@CAXXZ 00405bc0 f i parse.obj
 0001:00004bd0       ?allocate@?$allocator@PAVObj@@@std@@QAEPAPAVObj@@I@Z 00405bd0 f i parse.obj
 0001:00004c30       ?append@?$basic_string@DU?$char_traits@D@std@@V?$allocator@D@2@@std@@QAEAAV12@QBDI@Z 00405c30 f i parse.obj
 0001:00004f60       ?getBoolean@BooleanObj@@UBE_NXZ 00405f60 f i parse.obj
 0001:00004f70       ?getBoolean@Obj@@UBE_NXZ   00405f70 f i parse.obj
 0001:00004fe0       ?getChild@NamedObj@@UBEPAVObj@@XZ 00405fe0 f i parse.obj
 0001:00004ff0       ?getChild@Obj@@UBEPAV1@XZ  00405ff0 f i parse.obj
 0001:00005060       ?getDict@DictObj@@UBEABV?$map@V?$basic_string@DU?$char_traits@D@std@@V?$allocator@D@2@@std@@PAVObj@@U?$less@V?$basic_string@DU?$char_traits@D@std@@V?$allocator@D@2@@std@@@2@V?$allocator@U?$pair@$$CBV?$basic_string@DU?$char_traits@D@std@@V?$allocator@D@2@@std@@PAVObj@@@std@@@2@@std@@XZ 00406060 f i parse.obj
 0001:00005070       ?getDict@Obj@@UBEABV?$map@V?$basic_string@DU?$char_traits@D@std@@V?$allocator@D@2@@std@@PAVObj@@U?$less@V?$basic_string@DU?$char_traits@D@std@@V?$allocator@D@2@@std@@@2@V?$allocator@U?$pair@$$CBV?$basic_string@DU?$char_traits@D@std@@V?$allocator@D@2@@std@@PAVObj@@@std@@@2@@std@@XZ 00406070 f i parse.obj
 0001:000050e0       ?getID@IdObj@@UBE?AV?$basic_string@DU?$char_traits@D@std@@V?$allocator@D@2@@std@@XZ 004060e0 f i parse.obj
 0001:00005100       ?getID@Obj@@UBE?AV?$basic_string@DU?$char_traits@D@std@@V?$allocator@D@2@@std@@XZ 00406100 f i parse.obj
 0001:00005170       ?getName@NamedObj@@UBE?AV?$basic_string@DU?$char_traits@D@std@@V?$allocator@D@2@@std@@XZ 00406170 f i parse.obj
 0001:00005190       ?getName@Obj@@UBE?AV?$basic_string@DU?$char_traits@D@std@@V?$allocator@D@2@@std@@XZ 00406190 f i parse.obj
 0001:00005200       ?getScalar@Obj@@UBENXZ     00406200 f i parse.obj
 0001:00005270       ?getScalar@ScalarObj@@UBENXZ 00406270 f i parse.obj
 0001:00005280       ?getString@Obj@@UBE?AV?$basic_string@DU?$char_traits@D@std@@V?$allocator@D@2@@std@@XZ 00406280 f i parse.obj
 0001:000052f0       ?getString@StringObj@@UBE?AV?$basic_string@DU?$char_traits@D@std@@V?$allocator@D@2@@std@@XZ 004062f0 f i parse.obj
 0001:00005310       ?getTuple@Obj@@UBEABV?$vector@PAVObj@@V?$allocator@PAVObj@@@std@@@std@@XZ 00406310 f i parse.obj
 0001:00005380       ?getTuple@TupleObj@@UBEABV?$vector@PAVObj@@V?$allocator@PAVObj@@@std@@@std@@XZ 00406380 f i parse.obj
 0001:00005390       ?getTypeName@BooleanObj@@UBE?AV?$basic_string@DU?$char_traits@D@std@@V?$allocator@D@2@@std@@XZ 00406390 f i parse.obj
 0001:000053c0       ?getTypeName@DictObj@@UBE?AV?$basic_string@DU?$char_traits@D@std@@V?$allocator@D@2@@std@@XZ 004063c0 f i parse.obj
 0001:000053f0       ?getTypeName@IdObj@@UBE?AV?$basic_string@DU?$char_traits@D@std@@V?$allocator@D@2@@std@@XZ 004063f0 f i parse.obj
 0001:00005420       ?getTypeName@NamedObj@@UBE?AV?$basic_string@DU?$char_traits@D@std@@V?$allocator@D@2@@std@@XZ 00406420 f i parse.obj
 0001:00005460       ?getTypeName@Obj@@UBE?AV?$basic_string@DU?$char_traits@D@std@@V?$allocator@D@2@@std@@XZ 00406460 f i parse.obj
 0001:000054a0       ?getTypeName@ScalarObj@@UBE?AV?$basic_string@DU?$char_traits@D@std@@V?$allocator@D@2@@std@@XZ 004064a0 f i parse.obj
 0001:000054e0       ?getTypeName@StringObj@@UBE?AV?$basic_string@DU?$char_traits@D@std@@V?$allocator@D@2@@std@@XZ 004064e0 f i parse.obj
 0001:00005520       ?getTypeName@TupleObj@@UBE?AV?$basic_string@DU?$char_traits@D@std@@V?$allocator@D@2@@std@@XZ 00406520 f i parse.obj
 0001:00005560       ?printOn@BooleanObj@@UBEXAAV?$basic_ostream@DU?$char_traits@D@std@@@std@@@Z 00406560 f i parse.obj
 0001:00005590       ?printOn@DictObj@@UBEXAAV?$basic_ostream@DU?$char_traits@D@std@@@std@@@Z 00406590 f i parse.obj
 0001:00005670       ?printOn@IdObj@@UBEXAAV?$basic_ostream@DU?$char_traits@D@std@@@std@@@Z 00406670 f i parse.obj
 0001:000056a0       ?printOn@NamedObj@@UBEXAAV?$basic_ostream@DU?$char_traits@D@std@@@std@@@Z 004066a0 f i parse.obj
 0001:000056e0       ?printOn@Obj@@UBEXAAV?$basic_ostream@DU?$char_traits@D@std@@@std@@@Z 004066e0 f i parse.obj
 0001:000056f0       ?printOn@ScalarObj@@UBEXAAV?$basic_ostream@DU?$char_traits@D@std@@@std@@@Z 004066f0 f i parse.obj
 0001:00005710       ?printOn@StringObj@@UBEXAAV?$basic_ostream@DU?$char_traits@D@std@@@std@@@Z 00406710 f i parse.obj
 0001:00005750       ?printOn@TupleObj@@UBEXAAV?$basic_ostream@DU?$char_traits@D@std@@@std@@@Z 00406750 f i parse.obj
 0001:00005c50       ?readFile@@YAPAVObj@@AAV?$basic_istream@DU?$char_traits@D@std@@@std@@@Z 00406c50 f   parse.obj
 0001:00006900       ??$?HDU?$char_traits@D@std@@V?$allocator@D@1@@std@@YA?AV?$basic_string@DU?$char_traits@D@std@@V?$allocator@D@2@@0@$$QAV10@QBD@Z 00407900 f i read.obj
 0001:00006960       ??$_Construct_in_place@PAU?$_List_node@PAVGeometry@@PAX@std@@AAPAU12@@std@@YAXAAPAU?$_List_node@PAVGeometry@@PAX@0@0@Z 00407960 f i read.obj
 0001:00006970       ??$_Construct_in_place@PAU?$_List_node@PAVGeometry@@PAX@std@@ABQAU12@@std@@YAXAAPAU?$_List_node@PAVGeometry@@PAX@0@ABQAU10@@Z 00407970 f i read.obj
 0001:00006980       ??$_Construct_in_place@PAU?$_List_node@PAVLight@@PAX@std@@AAPAU12@@std@@YAXAAPAU?$_List_node@PAVLight@@PAX@0@0@Z 00407980 f i read.obj
 0001:00006990       ??$_Construct_in_place@PAU?$_List_node@PAVLight@@PAX@std@@ABQAU12@@std@@YAXAAPAU?$_List_node@PAVLight@@PAX@0@ABQAU10@@Z 00407990 f i read.obj
 0001:000069a0       ??$_Construct_in_place@PAU?$_List_node@PAVTransformNode@@PAX@std@@AAPAU12@@std@@YAXAAPAU?$_List_node@PAVTransformNode@@PAX@0@0@Z 004079a0 f i read.obj
 0001:000069b0       ??$_Construct_in_place@PAU?$_List_node@PAVTransformNode@@PAX@std@@ABQAU12@@std@@YAXAAPAU?$_List_node@PAVTransformNode@@PAX@0@ABQAU10@@Z 004079b0 f i read.obj
 0001:000069c0       ??$_Construct_in_place@PAU?$_Tree_node@U?$pair@$$CBV?$basic_string@DU?$char_traits@D@std@@V?$allocator@D@2@@std@@PAVMaterial@@@std@@PAX@std@@AAPAU12@@std@@YAXAAPAU?$_Tree_node@U?$pair@$$CBV?$basic_string@DU?$char_traits@D@std@@V?$allocator@D@2@@std@@PAVMaterial@@@std@@PAX@0@0@Z 004079c0 f i read.obj
 0001:000069d0       ??$_Construct_in_place@PAU?$_Tree_node@U?$pair@$$CBV?$basic_string@DU?$char_traits@D@std@@V?$allocator@D@2@@std@@PAVMaterial@@@std@@PAX@std@@ABQAU12@@std@@YAXAAPAU?$_Tree_node@U?$pair@$$CBV?$basic_string@DU?$char_traits@D@std@@V?$allocator@D@2@@std@@PAVMaterial@@@std@@PAX@0@ABQAU10@@Z 004079d0 f i read.obj
 0001:000069e0       ??$_Destroy_range@V?$allocator@PAVMaterial@@@std@@@std@@YAXPAPAVMaterial@@QAPAV1@AAV?$allocator@PAVMaterial@@@0@@Z 004079e0 f i read.obj
 0001:000069f0       ??$_Destroy_range@V?$allocator@PAVTrimeshFace@@@std@@@std@@YAXPAPAVTrimeshFace@@QAPAV1@AAV?$allocator@PAVTrimeshFace@@@0@@Z 004079f0 f i read.obj
 0001:00006a00       ??$_Destroy_range@V?$allocator@Vvec3f@@@std@@@std@@YAXPAVvec3f@@QAV1@AAV?$allocator@Vvec3f@@@0@@Z 00407a00 f i read.obj
 0001:00006a10       ??$_Erase_tree@V?$allocator@U?$_Tree_node@U?$pair@$$CBV?$basic_string@DU?$char_traits@D@std@@V?$allocator@D@2@@std@@PAVMaterial@@@std@@PAX@std@@@std@@@?$_Tree_val@U?$_Tree_simple_types@U?$pair@$$CBV?$basic_string@DU?$char_traits@D@std@@V?$allocator@D@2@@std@@PAVMaterial@@@std@@@std@@@std@@QAEXAAV?$allocator@U?$_Tree_node@U?$pair@$$CBV?$basic_string@DU?$char_traits@D@std@@V?$allocator@D@2@@std@@PAVMaterial@@@std@@PAX@std@@@1@PAU?$_Tree_node@U?$pair@$$CBV?$basic_string@DU?$char_traits@D@std@@V?$allocator@D@2@@std@@PAVMaterial@@@std@@PAX@1@@Z 00407a10 f i read.obj
 0001:00006aa0       ??$_Find_lower_bound@V?$basic_string@DU?$char_traits@D@std@@V?$allocator@D@2@@std@@@?$_Tree@V?$_Tmap_traits@V?$basic_string@DU?$char_traits@D@std@@V?$allocator@D@2@@std@@PAVMaterial@@U?$less@V?$basic_string@DU?$char_traits@D@std@@V?$allocator@D@2@@std@@@2@V?$allocator@U?$pair@$$CBV?$basic_string@DU?$char_traits@D@std@@V?$allocator@D@2@@std@@PAVMaterial@@@std@@@2@$0A@@std@@@std@@IBE?AU?$_Tree_find_result@PAU?$_Tree_node@U?$pair@$$CBV?$basic_string@DU?$char_traits@D@std@@V?$allocator@D@2@@std@@PAVMaterial@@@std@@PAX@std@@@1@ABV?$basic_string@DU?$char_traits@D@std@@V?$allocator@D@2@@1@@Z 00407aa0 f i read.obj
 0001:00006b30       ??$_Fputc@D@std@@YA_NDPAU_iobuf@@@Z 00407b30 f i read.obj
 0001:00006b50       ??$_Voidify_iter@PAPAU?$_List_node@PAVGeometry@@PAX@std@@@std@@YAPAXPAPAU?$_List_node@PAVGeometry@@PAX@0@@Z 00407b50 f i read.obj
 0001:00006b60       ??$_Voidify_iter@PAPAU?$_List_node@PAVLight@@PAX@std@@@std@@YAPAXPAPAU?$_List_node@PAVLight@@PAX@0@@Z 00407b60 f i read.obj
 0001:00006b70       ??$_Voidify_iter@PAPAU?$_List_node@PAVTransformNode@@PAX@std@@@std@@YAPAXPAPAU?$_List_node@PAVTransformNode@@PAX@0@@Z 00407b70 f i read.obj
 0001:00006b80       ??$_Voidify_iter@PAPAU?$_Tree_node@U?$pair@$$CBV?$basic_string@DU?$char_traits@D@std@@V?$allocator@D@2@@std@@PAVMaterial@@@std@@PAX@std@@@std@@YAPAXPAPAU?$_Tree_node@U?$pair@$$CBV?$basic_string@DU?$char_traits@D@std@@V?$allocator@D@2@@std@@PAVMaterial@@@std@@PAX@0@@Z 00407b80 f i read.obj
 0001:00006b90       ??$endl@DU?$char_traits@D@std@@@std@@YAAAV?$basic_ostream@DU?$char_traits@D@std@@@0@AAV10@@Z 00407b90 f i read.obj
 0001:00006bc0       ??$ends@DU?$char_traits@D@std@@@std@@YAAAV?$basic_ostream@DU?$char_traits@D@std@@@0@AAV10@@Z 00407bc0 f i read.obj
 0001:00006be0       ??$use_facet@V?$codecvt@DDU_Mbstatet@@@std@@@std@@YAABV?$codecvt@DDU_Mbstatet@@@0@ABVlocale@0@@Z 00407be0 f i read.obj
 0001:00006cd0       ??0?$basic_ifstream@DU?$char_traits@D@std@@@std@@QAE@PBDHH@Z 00407cd0 f i read.obj
 0001:00006ec0       ??0?$fpos@U_Mbstatet@@@std@@QAE@_J@Z 00407ec0 f i read.obj
 0001:00006ef0       ??0Scene@@QAE@XZ           00407ef0 f i read.obj
 0001:000070a0       ??0TransformNode@@IAE@PAV0@ABVmat4f@@@Z 004080a0 f i read.obj
 0001:00007530       ??0bad_cast@std@@QAE@ABV01@@Z 00408530 f i read.obj
 0001:00007570       ??0bad_cast@std@@QAE@XZ    00408570 f i read.obj
 0001:00007590       ??0mat4f@@QAE@ABVvec4f@@000@Z 00408590 f i read.obj
 0001:00007660       ??0ostrstream@std@@QAE@XZ  00408660 f i read.obj
 0001:00007750       ??0vec4f@@QAE@XZ           00408750 f i read.obj
 0001:00007760       ??1?$_Alloc_construct_ptr@V?$allocator@U?$_List_node@PAVGeometry@@PAX@std@@@std@@@std@@QAE@XZ 00408760 f i read.obj
 0001:00007780       ??1?$_Alloc_construct_ptr@V?$allocator@U?$_List_node@PAVLight@@PAX@std@@@std@@@std@@QAE@XZ 00408780 f i read.obj
 0001:000077a0       ??1?$_Alloc_construct_ptr@V?$allocator@U?$_List_node@PAVTransformNode@@PAX@std@@@std@@@std@@QAE@XZ 004087a0 f i read.obj
 0001:000077c0       ??1?$_Alloc_construct_ptr@V?$allocator@U?$_Tree_node@U?$pair@$$CBV?$basic_string@DU?$char_traits@D@std@@V?$allocator@D@2@@std@@PAVMaterial@@@std@@PAX@std@@@std@@@std@@QAE@XZ 004087c0 f i read.obj
 0001:000077e0       ??1?$_Tree_temp_node_alloc@V?$allocator@U?$_Tree_node@U?$pair@$$CBV?$basic_string@DU?$char_traits@D@std@@V?$allocator@D@2@@std@@PAVMaterial@@@std@@PAX@std@@@std@@@std@@QAE@XZ 004087e0 f i read.obj
 0001:00007800       ??1?$basic_filebuf@DU?$char_traits@D@std@@@std@@UAE@XZ 00408800 f i read.obj
 0001:000078c0       ??1?$basic_ifstream@DU?$char_traits@D@std@@@std@@UAE@XZ 004088c0 f i read.obj
 0001:000078f0       ??1?$list@PAVGeometry@@V?$allocator@PAVGeometry@@@std@@@std@@QAE@XZ 004088f0 f i read.obj
 0001:00007930       ??1?$list@PAVLight@@V?$allocator@PAVLight@@@std@@@std@@QAE@XZ 00408930 f i read.obj
 0001:00007970       ??1?$list@PAVTransformNode@@V?$allocator@PAVTransformNode@@@std@@@std@@QAE@XZ 00408970 f i read.obj
 0001:000079b0       ??1?$map@V?$basic_string@DU?$char_traits@D@std@@V?$allocator@D@2@@std@@PAVMaterial@@U?$less@V?$basic_string@DU?$char_traits@D@std@@V?$allocator@D@2@@std@@@2@V?$allocator@U?$pair@$$CBV?$basic_string@DU?$char_traits@D@std@@V?$allocator@D@2@@std@@PAVMaterial@@@std@@@2@@std@@QAE@XZ 004089b0 f i read.obj
 0001:000079d0       ??1?$unique_ptr@V_Facet_base@std@@U?$default_delete@V_Facet_base@std@@@2@@std@@QAE@XZ 004089d0 f i read.obj
 0001:000079e0       ??1MaterialSceneObject@@UAE@XZ 004089e0 f i read.obj
 0001:00007a10       ??1SceneElement@@UAE@XZ    00408a10 f i read.obj
 0001:00007a20       ??1TransformNode@@QAE@XZ   00408a20 f i read.obj
 0001:00007aa0       ??1TransformRoot@@QAE@XZ   00408aa0 f i read.obj
 0001:00007ab0       ??1bad_cast@std@@UAE@XZ    00408ab0 f i read.obj
 0001:00007ad0       ??1locale@std@@QAE@XZ      00408ad0 f i read.obj
 0001:00007af0       ??1ostrstream@std@@UAE@XZ  00408af0 f i read.obj
 0001:00007ba0       ??1strstreambuf@std@@UAE@XZ 00408ba0 f i read.obj
 0001:00007c20       ??4?$basic_string@DU?$char_traits@D@std@@V?$allocator@D@2@@std@@QAEAAV01@$$QAV01@@Z 00408c20 f i read.obj
 0001:00007ca0       ??6@YAAAV?$basic_ostream@DU?$char_traits@D@std@@@std@@AAV01@ABVException@@@Z 00408ca0 f i read.obj
 0001:00007d50       ??D@YA?AVmat4f@@ABV0@0@Z   00408d50 f i read.obj
 0001:000081e0       ??_D?$basic_ifstream@DU?$char_traits@D@std@@@std@@QAEXXZ 004091e0 f i read.obj
 0001:00008220       ??_Dostrstream@std@@QAEXXZ 00409220 f i read.obj
 0001:000082cd       ??_E?$basic_ifstream@DU?$char_traits@D@std@@@std@@$4PPPPPPPM@A@AEPAXI@Z 004092cd f i read.obj
 0001:000082d5       ??_Eostrstream@std@@$4PPPPPPPM@A@AEPAXI@Z 004092d5 f i read.obj
 0001:000082e0       ??_E?$basic_filebuf@DU?$char_traits@D@std@@@std@@UAEPAXI@Z 004092e0 f i read.obj
 0001:000082e0       ??_G?$basic_filebuf@DU?$char_traits@D@std@@@std@@UAEPAXI@Z 004092e0 f i read.obj
 0001:00008310       ??_G?$basic_ifstream@DU?$char_traits@D@std@@@std@@UAEPAXI@Z 00409310 f i read.obj
 0001:00008310       ??_E?$basic_ifstream@DU?$char_traits@D@std@@@std@@UAEPAXI@Z 00409310 f i read.obj
 0001:00008370       ??_GAmbientLight@@UAEPAXI@Z 00409370 f i read.obj
 0001:00008370       ??_EAmbientLight@@UAEPAXI@Z 00409370 f i read.obj
 0001:000083a0       ??_GBox@@UAEPAXI@Z         004093a0 f i read.obj
 0001:000083a0       ??_EBox@@UAEPAXI@Z         004093a0 f i read.obj
 0001:000083e0       ??_ECone@@UAEPAXI@Z        004093e0 f i read.obj
 0001:000083e0       ??_GCone@@UAEPAXI@Z        004093e0 f i read.obj
 0001:00008430       ??_ECylinder@@UAEPAXI@Z    00409430 f i read.obj
 0001:00008430       ??_GCylinder@@UAEPAXI@Z    00409430 f i read.obj
 0001:00008470       ??_GDirectionalLight@@UAEPAXI@Z 00409470 f i read.obj
 0001:00008470       ??_EDirectionalLight@@UAEPAXI@Z 00409470 f i read.obj
 0001:000084a0       ??_GGeometry@@UAEPAXI@Z    004094a0 f i read.obj
 0001:000084a0       ??_EGeometry@@UAEPAXI@Z    004094a0 f i read.obj
 0001:000084d0       ??_GLight@@UAEPAXI@Z       004094d0 f i read.obj
 0001:000084d0       ??_ELight@@UAEPAXI@Z       004094d0 f i read.obj
 0001:00008500       ??_EMaterialSceneObject@@UAEPAXI@Z 00409500 f i read.obj
 0001:00008500       ??_GMaterialSceneObject@@UAEPAXI@Z 00409500 f i read.obj
 0001:00008540       ??_EPointLight@@UAEPAXI@Z  00409540 f i read.obj
 0001:00008540       ??_GPointLight@@UAEPAXI@Z  00409540 f i read.obj
 0001:00008570       ??_GScene@@UAEPAXI@Z       00409570 f i read.obj
 0001:00008570       ??_EScene@@UAEPAXI@Z       00409570 f i read.obj
 0001:000085a0       ??_GSceneElement@@UAEPAXI@Z 004095a0 f i read.obj
 0001:000085a0       ??_ESceneElement@@UAEPAXI@Z 004095a0 f i read.obj
 0001:000085d0       ??_GSceneObject@@UAEPAXI@Z 004095d0 f i read.obj
 0001:000085d0       ??_ESceneObject@@UAEPAXI@Z 004095d0 f i read.obj
 0001:00008600       ??_GSphere@@UAEPAXI@Z      00409600 f i read.obj
 0001:00008600       ??_ESphere@@UAEPAXI@Z      00409600 f i read.obj
 0001:00008640       ??_ESquare@@UAEPAXI@Z      00409640 f i read.obj
 0001:00008640       ??_GSquare@@UAEPAXI@Z      00409640 f i read.obj
 0001:00008680       ??_GTrimesh@@UAEPAXI@Z     00409680 f i read.obj
 0001:00008680       ??_ETrimesh@@UAEPAXI@Z     00409680 f i read.obj
 0001:000086b0       ??_Gbad_cast@std@@UAEPAXI@Z 004096b0 f i read.obj
 0001:000086b0       ??_Ebad_cast@std@@UAEPAXI@Z 004096b0 f i read.obj
 0001:000086e0       ??_Gostrstream@std@@UAEPAXI@Z 004096e0 f i read.obj
 0001:000086e0       ??_Eostrstream@std@@UAEPAXI@Z 004096e0 f i read.obj
 0001:00008710       ??_Gstrstreambuf@std@@UAEPAXI@Z 00409710 f i read.obj
 0001:00008710       ??_Estrstreambuf@std@@UAEPAXI@Z 00409710 f i read.obj
 0001:000087b0       ?ComputeBoundingBox@Geometry@@UAEXXZ 004097b0 f i read.obj
 0001:00008d00       ?ComputeLocalBoundingBox@Box@@UBE?AVBoundingBox@@XZ 00409d00 f i read.obj
 0001:00008d30       ?ComputeLocalBoundingBox@Cone@@UAE?AVBoundingBox@@XZ 00409d30 f i read.obj
 0001:00008d90       ?ComputeLocalBoundingBox@Cylinder@@UAE?AVBoundingBox@@XZ 00409d90 f i read.obj
 0001:00008dc0       ?ComputeLocalBoundingBox@Geometry@@UAE?AVBoundingBox@@XZ 00409dc0 f i read.obj
 0001:00008e00       ?ComputeLocalBoundingBox@Sphere@@UAE?AVBoundingBox@@XZ 00409e00 f i read.obj
 0001:00008e30       ?ComputeLocalBoundingBox@Square@@UAE?AVBoundingBox@@XZ 00409e30 f i read.obj
 0001:00008e70       ?_Endwrite@?$basic_filebuf@DU?$char_traits@D@std@@@std@@IAE_NXZ 00409e70 f i read.obj
 0001:00008f40       ?_Free@strstreambuf@std@@ABEXPAD@Z 00409f40 f i read.obj
 0001:00008f70       ?_Insert_node@?$_Tree_val@U?$_Tree_simple_types@U?$pair@$$CBV?$basic_string@DU?$char_traits@D@std@@V?$allocator@D@2@@std@@PAVMaterial@@@std@@@std@@@std@@QAEPAU?$_Tree_node@U?$pair@$$CBV?$basic_string@DU?$char_traits@D@std@@V?$allocator@D@2@@std@@PAVMaterial@@@std@@PAX@2@U?$_Tree_id@PAU?$_Tree_node@U?$pair@$$CBV?$basic_string@DU?$char_traits@D@std@@V?$allocator@D@2@@std@@PAVMaterial@@@std@@PAX@std@@@2@QAU32@@Z 00409f70 f i read.obj
 0001:00009180       ?_Lock@?$basic_filebuf@DU?$char_traits@D@std@@@std@@UAEXXZ 0040a180 f i read.obj
 0001:00009190       ?_Reset_back@?$basic_filebuf@DU?$char_traits@D@std@@@std@@AAEXXZ 0040a190 f i read.obj
 0001:000091c0       ?_Throw_bad_cast@std@@YAXXZ 0040a1c0 f i read.obj
 0001:000091e0       ?_Unlock@?$basic_filebuf@DU?$char_traits@D@std@@@std@@UAEXXZ 0040a1e0 f i read.obj
 0001:000091f0       ?add@Scene@@QAEXPAVGeometry@@@Z 0040a1f0 f i read.obj
 0001:00009290       ?add@Scene@@QAEXPAVLight@@@Z 0040a290 f i read.obj
 0001:00009320       ?createChild@TransformNode@@QAEPAV1@ABVmat4f@@@Z 0040a320 f i read.obj
 0001:000093f0       ?find@?$_Tree@V?$_Tmap_traits@V?$basic_string@DU?$char_traits@D@std@@V?$allocator@D@2@@std@@PAVMaterial@@U?$less@V?$basic_string@DU?$char_traits@D@std@@V?$allocator@D@2@@std@@@2@V?$allocator@U?$pair@$$CBV?$basic_string@DU?$char_traits@D@std@@V?$allocator@D@2@@std@@PAVMaterial@@@std@@@2@$0A@@std@@@std@@QBE?AV?$_Tree_const_iterator@V?$_Tree_val@U?$_Tree_simple_types@U?$pair@$$CBV?$basic_string@DU?$char_traits@D@std@@V?$allocator@D@2@@std@@PAVMaterial@@@std@@@std@@@std@@@2@ABV?$basic_string@DU?$char_traits@D@std@@V?$allocator@D@2@@2@@Z 0040a3f0 f i read.obj
 0001:00009460       ?find@?$_Tree@V?$_Tmap_traits@V?$basic_string@DU?$char_traits@D@std@@V?$allocator@D@2@@std@@PAVObj@@U?$less@V?$basic_string@DU?$char_traits@D@std@@V?$allocator@D@2@@std@@@2@V?$allocator@U?$pair@$$CBV?$basic_string@DU?$char_traits@D@std@@V?$allocator@D@2@@std@@PAVObj@@@std@@@2@$0A@@std@@@std@@QBE?AV?$_Tree_const_iterator@V?$_Tree_val@U?$_Tree_simple_types@U?$pair@$$CBV?$basic_string@DU?$char_traits@D@std@@V?$allocator@D@2@@std@@PAVObj@@@std@@@std@@@std@@@2@ABV?$basic_string@DU?$char_traits@D@std@@V?$allocator@D@2@@2@@Z 0040a460 f i read.obj
 0001:00009640       ?getDirection@AmbientLight@@UBE?AVvec3f@@ABV2@@Z 0040a640 f i read.obj
 0001:000098e0       ?getMaterial@MaterialSceneObject@@UBEABVMaterial@@XZ 0040a8e0 f i read.obj
 0001:000098f0       ?hasBoundingBoxCapability@Box@@UBE_NXZ 0040a8f0 f i read.obj
 0001:00009900       ?hasBoundingBoxCapability@Cone@@UBE_NXZ 0040a900 f i read.obj
 0001:00009910       ?hasBoundingBoxCapability@Cylinder@@UBE_NXZ 0040a910 f i read.obj
 0001:00009920       ?hasBoundingBoxCapability@Sphere@@UBE_NXZ 0040a920 f i read.obj
 0001:00009930       ?hasBoundingBoxCapability@Square@@UBE_NXZ 0040a930 f i read.obj
 0001:00009940       ?imbue@?$basic_filebuf@DU?$char_traits@D@std@@@std@@MAEXABVlocale@2@@Z 0040a940 f i read.obj
 0001:00009a40       ?overflow@?$basic_filebuf@DU?$char_traits@D@std@@@std@@MAEHH@Z 0040aa40 f i read.obj
 0001:00009bc0       ?overflow@strstreambuf@std@@MAEHH@Z 0040abc0 f i read.obj
 0001:00009d20       ?pbackfail@?$basic_filebuf@DU?$char_traits@D@std@@@std@@MAEHH@Z 0040ad20 f i read.obj
 0001:00009dd0       ?pbackfail@strstreambuf@std@@MAEHH@Z 0040add0 f i read.obj
 0001:0000e060       ?readScene@@YAPAVScene@@AAV?$basic_istream@DU?$char_traits@D@std@@@std@@@Z 0040f060 f   read.obj
 0001:0000e2c0       ?readScene@@YAPAVScene@@ABV?$basic_string@DU?$char_traits@D@std@@V?$allocator@D@2@@std@@@Z 0040f2c0 f   read.obj
 0001:0000e480       ?seekoff@?$basic_filebuf@DU?$char_traits@D@std@@@std@@MAE?AV?$fpos@U_Mbstatet@@@2@_JHH@Z 0040f480 f i read.obj
 0001:0000e560       ?seekoff@strstreambuf@std@@MAE?AV?$fpos@U_Mbstatet@@@2@_JHH@Z 0040f560 f i read.obj
 0001:0000e710       ?seekpos@?$basic_filebuf@DU?$char_traits@D@std@@@std@@MAE?AV?$fpos@U_Mbstatet@@@2@V32@H@Z 0040f710 f i read.obj
 0001:0000e7e0       ?seekpos@strstreambuf@std@@MAE?AV?$fpos@U_Mbstatet@@@2@V32@H@Z 0040f7e0 f i read.obj
 0001:0000e8b0       ?setMaterial@MaterialSceneObject@@UAEXPAVMaterial@@@Z 0040f8b0 f i read.obj
 0001:0000e8c0       ?setbuf@?$basic_filebuf@DU?$char_traits@D@std@@@std@@MAEPAV?$basic_streambuf@DU?$char_traits@D@std@@@2@PAD_J@Z 0040f8c0 f i read.obj
 0001:0000e990       ?size@?$vector@PAVObj@@V?$allocator@PAVObj@@@std@@@std@@QBEIXZ 0040f990 f i read.obj
 0001:0000e9a0       ?str@ostrstream@std@@QAEPADXZ 0040f9a0 f i read.obj
 0001:0000e9e0       ?sync@?$basic_filebuf@DU?$char_traits@D@std@@@std@@MAEHXZ 0040f9e0 f i read.obj
 0001:0000ea80       ?uflow@?$basic_filebuf@DU?$char_traits@D@std@@@std@@MAEHXZ 0040fa80 f i read.obj
 0001:0000edb0       ?underflow@?$basic_filebuf@DU?$char_traits@D@std@@@std@@MAEHXZ 0040fdb0 f i read.obj
 0001:0000edf0       ?underflow@strstreambuf@std@@MAEHXZ 0040fdf0 f i read.obj
 0001:0000ef20       ?xsgetn@?$basic_filebuf@DU?$char_traits@D@std@@@std@@MAE_JPAD_J@Z 0040ff20 f i read.obj
 0001:0000f050       ?xsputn@?$basic_filebuf@DU?$char_traits@D@std@@@std@@MAE_JPBD_J@Z 00410050 f i read.obj
 0001:0000f130       ?inverse@mat3f@@QBE?AV1@XZ 00410130 f   vecmath.obj
 0001:0000f4d0       ?inverse@mat4f@@QBE?AV1@XZ 004104d0 f   vecmath.obj
 0001:0000f950       ??0Camera@@QAE@XZ          00410950 f   camera.obj
 0001:0000f9d0       ?rayThrough@Camera@@QAEXNNAAVray@@@Z 004109d0 f   camera.obj
 0001:0000fae0       ?setAspectRatio@Camera@@QAEXN@Z 00410ae0 f   camera.obj
 0001:0000fc70       ?setEye@Camera@@QAEXABVvec3f@@@Z 00410c70 f   camera.obj
 0001:0000fca0       ?setFOV@Camera@@QAEXN@Z    00410ca0 f   camera.obj
 0001:0000fe50       ?setLook@Camera@@QAEXABVvec3f@@0@Z 00410e50 f   camera.obj
 0001:000100c0       ?setLook@Camera@@QAEXNNNN@Z 004110c0 f   camera.obj
 0001:00010380       ?update@Camera@@AAEXXZ     00411380 f   camera.obj
 0001:00010510       ?distanceAttenuation@AmbientLight@@UBENABVvec3f@@@Z 00411510 f   light.obj
 0001:00010520       ?distanceAttenuation@DirectionalLight@@UBENABVvec3f@@@Z 00411520 f   light.obj
 0001:00010530       ?distanceAttenuation@PointLight@@UBENABVvec3f@@@Z 00411530 f   light.obj
 0001:00010630       ?getColor@AmbientLight@@UBE?AVvec3f@@XZ 00411630 f   light.obj
 0001:00010650       ?getColor@DirectionalLight@@UBE?AVvec3f@@XZ 00411650 f   light.obj
 0001:00010670       ?getColor@PointLight@@UBE?AVvec3f@@XZ 00411670 f   light.obj
 0001:00010690       ?getDirection@DirectionalLight@@UBE?AVvec3f@@ABV2@@Z 00411690 f   light.obj
 0001:000106c0       ?getDirection@PointLight@@UBE?AVvec3f@@ABV2@@Z 004116c0 f   light.obj
 0001:00010760       ?shadowAttenuation@AmbientLight@@UBE?AVvec3f@@ABV2@@Z 00411760 f   light.obj
 0001:00010780       ?shadowAttenuation@DirectionalLight@@UBE?AVvec3f@@ABV2@@Z 00411780 f   light.obj
 0001:000108c0       ?shadowAttenuation@PointLight@@UBE?AVvec3f@@ABV2@@Z 004118c0 f   light.obj
 0001:00010a00       ?shade@Material@@UBE?AVvec3f@@PAVScene@@ABVray@@ABVisect@@@Z 00411a00 f   material.obj
 0001:00010d50       ?getMaterial@isect@@QBEABVMaterial@@XZ 00411d50 f   ray.obj
 0001:00010d60       ??1Scene@@UAE@XZ           00411d60 f   scene.obj
 0001:00010ef0       ??4BoundingBox@@QAEXABV0@@Z 00411ef0 f   scene.obj
 0001:00010f40       ?hasBoundingBoxCapability@Geometry@@UBE_NXZ 00411f40 f   scene.obj
 0001:00010f50       ?initScene@Scene@@QAEXXZ   00411f50 f   scene.obj
 0001:00011180       ?intersect@BoundingBox@@QBE_NABVray@@AAN1@Z 00412180 f   scene.obj
 0001:000112a0       ?intersect@Geometry@@UBE_NABVray@@AAVisect@@@Z 004122a0 f   scene.obj
 0001:00011610       ?intersect@Scene@@QBE_NABVray@@AAVisect@@@Z 00412610 f   scene.obj
 0001:00011bf0       ?intersectLocal@Geometry@@UBE_NABVray@@AAVisect@@@Z 00412bf0 f   scene.obj
 0001:00011c00       ?intersects@BoundingBox@@QBE_NABV1@@Z 00412c00 f   scene.obj
 0001:00011c90       ?intersects@BoundingBox@@QBE_NABVvec3f@@@Z 00412c90 f   scene.obj
 0001:00011d10       ?intersectLocal@Box@@UBE_NABVray@@AAVisect@@@Z 00412d10 f   Box.obj
 0001:00011f20       ?intersectBody@Cone@@QBE_NABVray@@AAVisect@@@Z 00412f20 f   Cone.obj
 0001:000122f0       ?intersectCaps@Cone@@QBE_NABVray@@AAVisect@@@Z 004132f0 f   Cone.obj
 0001:00012480       ?intersectLocal@Cone@@UBE_NABVray@@AAVisect@@@Z 00413480 f   Cone.obj
 0001:00012900       ?intersectBody@Cylinder@@QBE_NABVray@@AAVisect@@@Z 00413900 f   Cylinder.obj
 0001:00012c00       ?intersectCaps@Cylinder@@QBE_NABVray@@AAVisect@@@Z 00413c00 f   Cylinder.obj
 0001:00012d20       ?intersectLocal@Cylinder@@UBE_NABVray@@AAVisect@@@Z 00413d20 f   Cylinder.obj
 0001:00013140       ?intersectLocal@Sphere@@UBE_NABVray@@AAVisect@@@Z 00414140 f   Sphere.obj
 0001:00013350       ?intersectLocal@Square@@UBE_NABVray@@AAVisect@@@Z 00414350 f   Square.obj
 0001:00013420       ??$_Copy_memmove@PAPAVMaterial@@PAPAV1@@std@@YAPAPAVMaterial@@PAPAV1@00@Z 00414420 f i trimesh.obj
 0001:00013450       ??$_Copy_memmove@PAPAVTrimeshFace@@PAPAV1@@std@@YAPAPAVTrimeshFace@@PAPAV1@00@Z 00414450 f i trimesh.obj
 0001:00013480       ??$_Emplace_reallocate@ABQAVMaterial@@@?$vector@PAVMaterial@@V?$allocator@PAVMaterial@@@std@@@std@@QAEPAPAVMaterial@@QAPAV2@ABQAV2@@Z 00414480 f i trimesh.obj
 0001:000135e0       ??$_Emplace_reallocate@ABQAVTrimeshFace@@@?$vector@PAVTrimeshFace@@V?$allocator@PAVTrimeshFace@@@std@@@std@@QAEPAPAVTrimeshFace@@QAPAV2@ABQAV2@@Z 004145e0 f i trimesh.obj
 0001:00013740       ??$_Emplace_reallocate@ABVvec3f@@@?$vector@Vvec3f@@V?$allocator@Vvec3f@@@std@@@std@@QAEPAVvec3f@@QAV2@ABV2@@Z 00414740 f i trimesh.obj
 0001:00013850       ??$_Resize_reallocate@U_Value_init_tag@std@@@?$vector@Vvec3f@@V?$allocator@Vvec3f@@@std@@@std@@AAEXIABU_Value_init_tag@1@@Z 00414850 f i trimesh.obj
 0001:00013940       ??$_Uninitialized_copy@PAVvec3f@@V?$allocator@Vvec3f@@@std@@@std@@YAPAVvec3f@@QAV1@0PAV1@AAV?$allocator@Vvec3f@@@0@@Z 00414940 f i trimesh.obj
 0001:00013990       ??$_Uninitialized_move@PAPAVMaterial@@V?$allocator@PAVMaterial@@@std@@@std@@YAPAPAVMaterial@@QAPAV1@0PAPAV1@AAV?$allocator@PAVMaterial@@@0@@Z 00414990 f i trimesh.obj
 0001:000139c0       ??$_Uninitialized_move@PAPAVTrimeshFace@@V?$allocator@PAVTrimeshFace@@@std@@@std@@YAPAPAVTrimeshFace@@QAPAV1@0PAPAV1@AAV?$allocator@PAVTrimeshFace@@@0@@Z 004149c0 f i trimesh.obj
 0001:000139f0       ??$_Uninitialized_move@PAVvec3f@@V?$allocator@Vvec3f@@@std@@@std@@YAPAVvec3f@@QAV1@0PAV1@AAV?$allocator@Vvec3f@@@0@@Z 004149f0 f i trimesh.obj
 0001:00013a40       ??$_Uninitialized_value_construct_n@V?$allocator@Vvec3f@@@std@@@std@@YAPAVvec3f@@PAV1@IAAV?$allocator@Vvec3f@@@0@@Z 00414a40 f i trimesh.obj
 0001:00013a70       ??0Material@@QAE@ABV0@@Z   00414a70 f i trimesh.obj
 0001:00013b70       ??1?$vector@Vvec3f@@V?$allocator@Vvec3f@@@std@@@std@@QAE@XZ 00414b70 f i trimesh.obj
 0001:00013be0       ??1Trimesh@@UAE@XZ         00414be0 f   trimesh.obj
 0001:00013ce0       ??_ETrimeshFace@@UAEPAXI@Z 00414ce0 f i trimesh.obj
 0001:00013ce0       ??_GTrimeshFace@@UAEPAXI@Z 00414ce0 f i trimesh.obj
 0001:00013d20       ?ComputeLocalBoundingBox@TrimeshFace@@UAE?AVBoundingBox@@XZ 00414d20 f i trimesh.obj
 0001:00013e40       ?_Change_array@?$vector@Vvec3f@@V?$allocator@Vvec3f@@@std@@@std@@AAEXQAVvec3f@@II@Z 00414e40 f i trimesh.obj
 0001:00013ec0       ?_Umove@?$vector@Vvec3f@@V?$allocator@Vvec3f@@@std@@@std@@AAEPAVvec3f@@PAV3@00@Z 00414ec0 f i trimesh.obj
 0001:00013f20       ?_Umove_if_noexcept@?$vector@Vvec3f@@V?$allocator@Vvec3f@@@std@@@std@@AAEXPAVvec3f@@00@Z 00414f20 f i trimesh.obj
 0001:00013f70       ?_Xlength@?$vector@PAVMaterial@@V?$allocator@PAVMaterial@@@std@@@std@@CAXXZ 00414f70 f i trimesh.obj
 0001:00013f80       ?_Xlength@?$vector@PAVTrimeshFace@@V?$allocator@PAVTrimeshFace@@@std@@@std@@CAXXZ 00414f80 f i trimesh.obj
 0001:00013f90       ?_Xlength@?$vector@Vvec3f@@V?$allocator@Vvec3f@@@std@@@std@@CAXXZ 00414f90 f i trimesh.obj
 0001:00013fa0       ?addFace@Trimesh@@QAE_NHHH@Z 00414fa0 f   trimesh.obj
 0001:00014140       ?addMaterial@Trimesh@@QAEXPAVMaterial@@@Z 00415140 f   trimesh.obj
 0001:00014170       ?addNormal@Trimesh@@QAEXABVvec3f@@@Z 00415170 f   trimesh.obj
 0001:000141c0       ?addVertex@Trimesh@@QAEXABVvec3f@@@Z 004151c0 f   trimesh.obj
 0001:00014210       ?allocate@?$allocator@Vvec3f@@@std@@QAEPAVvec3f@@I@Z 00415210 f i trimesh.obj
 0001:00014270       ?doubleCheck@Trimesh@@QAEPADXZ 00415270 f   trimesh.obj
 0001:000142f0       ?generateNormals@Trimesh@@QAEXXZ 004152f0 f   trimesh.obj
 0001:000145f0       ?hasBoundingBoxCapability@TrimeshFace@@UBE_NXZ 004155f0 f i trimesh.obj
 0001:00014600       ?intersectLocal@TrimeshFace@@UBE_NABVray@@AAVisect@@@Z 00415600 f   trimesh.obj
 0001:00014fa0       ?visual@Fl@@SAHH@Z         00415fa0 f   fltk:Fl_visual.obj
 0001:00015000       ?option@Fl@@SA_NW4Fl_Option@1@@Z 00416000 f   fltk:Fl.obj
 0001:00015290       ?option@Fl@@SAXW4Fl_Option@1@_N@Z 00416290 f   fltk:Fl.obj
 0001:000152d0       ?version@Fl@@SANXZ         004162d0 f   fltk:Fl.obj
 0001:000152e0       ?scrollbar_size@Fl@@SAHXZ  004162e0 f   fltk:Fl.obj
 0001:000152f0       ?scrollbar_size@Fl@@SAXH@Z 004162f0 f   fltk:Fl.obj
 0001:00015300       ?wait@Fl@@SAHXZ            00416300 f   fltk:Fl.obj
 0001:00015350       ?wait@Fl@@SANN@Z           00416350 f   fltk:Fl.obj
 0001:00015380       ?check@Fl@@SAHXZ           00416380 f   fltk:Fl.obj
 0001:000153c0       ?ready@Fl@@SAHXZ           004163c0 f   fltk:Fl.obj
 0001:000153d0       ?run@Fl@@SAHXZ             004163d0 f   fltk:Fl.obj
 0001:00015400       ?add_timeout@Fl@@SAXNP6AXPAX@Z0@Z 00416400 f   fltk:Fl.obj
 0001:00015430       ?repeat_timeout@Fl@@SAXNP6AXPAX@Z0@Z 00416430 f   fltk:Fl.obj
 0001:000155e0       ?has_timeout@Fl@@SAHP6AXPAX@Z0@Z 004165e0 f   fltk:Fl.obj
 0001:00015640       ?remove_timeout@Fl@@SAXP6AXPAX@Z0@Z 00416640 f   fltk:Fl.obj
 0001:000156b0       ?add_check@Fl@@SAXP6AXPAX@Z0@Z 004166b0 f   fltk:Fl.obj
 0001:00015730       ?has_check@Fl@@SAHP6AXPAX@Z0@Z 00416730 f   fltk:Fl.obj
 0001:00015780       ?remove_check@Fl@@SAXP6AXPAX@Z0@Z 00416780 f   fltk:Fl.obj
 0001:00015800       ?add_fd@Fl@@SAXHHP6AXHPAX@Z0@Z 00416800 f   fltk:Fl.obj
 0001:00015ad0       ?add_fd@Fl@@SAXHP6AXHPAX@Z0@Z 00416ad0 f   fltk:Fl.obj
 0001:00015af0       ?remove_fd@Fl@@SAXHH@Z     00416af0 f   fltk:Fl.obj
 0001:00015df0       ?remove_fd@Fl@@SAXH@Z      00416df0 f   fltk:Fl.obj
 0001:00015e10       ?redraw@Fl@@SAXXZ          00416e10 f   fltk:Fl.obj
 0001:00015e40       ?flush@Fl@@SAXXZ           00416e40 f   fltk:Fl.obj
 0001:00015f10       ?first_window@Fl@@SAPAVFl_Window@@XZ 00416f10 f   fltk:Fl.obj
 0001:00015f40       ?first_window@Fl@@SAXPAVFl_Window@@@Z 00416f40 f   fltk:Fl.obj
 0001:00015f90       ?next_window@Fl@@SAPAVFl_Window@@PBV2@@Z 00416f90 f   fltk:Fl.obj
 0001:00015fd0       ?get_mouse@Fl@@SAXAAH0@Z   00416fd0 f   fltk:Fl.obj
 0001:00016000       ?event_inside@Fl@@SAHHHHH@Z 00417000 f   fltk:Fl.obj
 0001:00016050       ?event_inside@Fl@@SAHPBVFl_Widget@@@Z 00417050 f   fltk:Fl.obj
 0001:000160d0       ?enable_im@Fl@@SAXXZ       004170d0 f   fltk:Fl.obj
 0001:00016110       ?disable_im@Fl@@SAXXZ      00417110 f   fltk:Fl.obj
 0001:00016150       ?handle@Fl@@SAHHPAVFl_Window@@@Z 00417150 f   fltk:Fl.obj
 0001:00016190       ?handle_@Fl@@SAHHPAVFl_Window@@@Z 00417190 f   fltk:Fl.obj
 0001:00016870       ?belowmouse@Fl@@SAXPAVFl_Widget@@@Z 00417870 f   fltk:Fl.obj
 0001:00016910       ?pushed@Fl@@SAXPAVFl_Widget@@@Z 00417910 f   fltk:Fl.obj
 0001:00016920       ?focus@Fl@@SAXPAVFl_Widget@@@Z 00417920 f   fltk:Fl.obj
 0001:00016a20       ?add_handler@Fl@@SAXP6AHH@Z@Z 00417a20 f   fltk:Fl.obj
 0001:00016a60       ?remove_handler@Fl@@SAXP6AHH@Z@Z 00417a60 f   fltk:Fl.obj
 0001:00016ae0       ?add_system_handler@Fl@@SAXP6AHPAX0@Z0@Z 00417ae0 f   fltk:Fl.obj
 0001:00016b30       ?remove_system_handler@Fl@@SAXP6AHPAX0@Z@Z 00417b30 f   fltk:Fl.obj
 0001:00016bb0       ?event_dispatch@Fl@@SAXP6AHHPAVFl_Window@@@Z@Z 00417bb0 f   fltk:Fl.obj
 0001:00016bc0       ?event_dispatch@Fl@@SAP6AHHPAVFl_Window@@@ZXZ 00417bc0 f   fltk:Fl.obj
 0001:00016bd0       ?copy@Fl@@SAXPBDHH0@Z      00417bd0 f   fltk:Fl.obj
 0001:00016d00       ?copy@Fl@@SAXPBDHH@Z       00417d00 f   fltk:Fl.obj
 0001:00016d20       ?paste@Fl@@SAXAAVFl_Widget@@HPBD@Z 00417d20 f   fltk:Fl.obj
 0001:00017a10       ?paste@Fl@@SAXAAVFl_Widget@@H@Z 00418a10 f   fltk:Fl.obj
 0001:00017a30       ?add_clipboard_notify@Fl@@SAXP6AXHPAX@Z0@Z 00418a30 f   fltk:Fl.obj
 0001:00017a90       ?remove_clipboard_notify@Fl@@SAXP6AXHPAX@Z@Z 00418a90 f   fltk:Fl.obj
 0001:00017b00       ?clipboard_contains@Fl@@SAHPBD@Z 00418b00 f   fltk:Fl.obj
 0001:00017bb0       ?selection_owner@Fl@@SAXPAVFl_Widget@@@Z 00418bb0 f   fltk:Fl.obj
 0001:00017bc0       ?selection@Fl@@SAXAAVFl_Widget@@PBDH@Z 00418bc0 f   fltk:Fl.obj
 0001:00017be0       ?paste@Fl@@SAXAAVFl_Widget@@@Z 00418be0 f   fltk:Fl.obj
 0001:00017c00       ?x@Fl@@SAHXZ               00418c00 f   fltk:Fl.obj
 0001:00017c40       ?y@Fl@@SAHXZ               00418c40 f   fltk:Fl.obj
 0001:00017c80       ?w@Fl@@SAHXZ               00418c80 f   fltk:Fl.obj
 0001:00017cc0       ?h@Fl@@SAHXZ               00418cc0 f   fltk:Fl.obj
 0001:00017d00       ?thread_message@Fl@@SAPAXXZ 00418d00 f   fltk:Fl.obj
 0001:00017d20       ?delete_widget@Fl@@SAXPAVFl_Widget@@@Z 00418d20 f   fltk:Fl.obj
 0001:00017e20       ?do_widget_deletion@Fl@@SAXXZ 00418e20 f   fltk:Fl.obj
 0001:00017ea0       ?watch_widget_pointer@Fl@@SAXAAPAVFl_Widget@@@Z 00418ea0 f   fltk:Fl.obj
 0001:00017f40       ?release_widget_pointer@Fl@@SAXAAPAVFl_Widget@@@Z 00418f40 f   fltk:Fl.obj
 0001:00017fc0       ?clear_widget_pointer@Fl@@SAXPBVFl_Widget@@@Z 00418fc0 f   fltk:Fl.obj
 0001:00018030       ??0Fl_Widget_Tracker@@QAE@PAVFl_Widget@@@Z 00419030 f   fltk:Fl.obj
 0001:00018060       ??1Fl_Widget_Tracker@@QAE@XZ 00419060 f   fltk:Fl.obj
 0001:000180b0       ?redraw@Fl_Widget@@QAEXXZ  004190b0 f   fltk:Fl.obj
 0001:000180d0       ?redraw_label@Fl_Widget@@QAEXXZ 004190d0 f   fltk:Fl.obj
 0001:000186d0       ?damage@Fl_Widget@@QAEXE@Z 004196d0 f   fltk:Fl.obj
 0001:00018790       ?damage@Fl_Widget@@QAEXEHHHH@Z 00419790 f   fltk:Fl.obj
 0001:00018980       ?size_range_@Fl_Window@@AAEXXZ 00419980 f   fltk:Fl.obj
 0001:000189a0       ?fullscreen_x@Fl_Window@@AAEXXZ 004199a0 f   fltk:Fl.obj
 0001:00018a10       ?fullscreen_off_x@Fl_Window@@AAEXHHHH@Z 00419a10 f   fltk:Fl.obj
 0001:00018bf0       ?flush@Fl_Window@@MAEXXZ   00419bf0 f   fltk:Fl.obj
 0001:00018c60       ?handle@Fl_Window@@UAEHH@Z 00419c60 f   fltk:Fl.obj
 0001:00018dd0       ?resize@Fl_Window@@UAEXHHHH@Z 00419dd0 f   fltk:Fl.obj
 0001:000190b0       ?label@Fl_Window@@QAEXPBD0@Z 0041a0b0 f   fltk:Fl.obj
 0001:000191a0       ?default_icons@Fl_Window@@SAXPAUHICON__@@0@Z 0041a1a0 f   fltk:Fl.obj
 0001:000191c0       ?icons@Fl_Window@@QAEXPAUHICON__@@0@Z 0041a1c0 f   fltk:Fl.obj
 0001:00019220       ?show@Fl_Window@@UAEXXZ    0041a220 f   fltk:Fl.obj
 0001:000192e0       ?hide@Fl_Window@@UAEXXZ    0041a2e0 f   fltk:Fl.obj
 0001:00019740       ?make_current@Fl_Window@@QAEXXZ 0041a740 f   fltk:Fl.obj
 0001:000197a0       ?decorated_w@Fl_Window@@QAEHXZ 0041a7a0 f   fltk:Fl.obj
 0001:00019870       ?decorated_h@Fl_Window@@QAEHXZ 0041a870 f   fltk:Fl.obj
 0001:00019940       ?XRectangleRegion@@YAPAUHRGN__@@HHHH@Z 0041a940 f   fltk:Fl.obj
 0001:000199f0       ?fake_X_wm@Fl_X@@SAHPBVFl_Window@@AAH1111@Z 0041a9f0 f   fltk:Fl.obj
 0001:0001a120       ?make_fullscreen@Fl_X@@QAEXHHHH@Z 0041b120 f   fltk:Fl.obj
 0001:0001a280       ?set_minmax@Fl_X@@QAEXPAUtagMINMAXINFO@@@Z 0041b280 f   fltk:Fl.obj
 0001:0001a370       ?set_default_icons@Fl_X@@SAXQAPBVFl_RGB_Image@@H@Z 0041b370 f   fltk:Fl.obj
 0001:0001a430       ?set_default_icons@Fl_X@@SAXPAUHICON__@@0@Z 0041b430 f   fltk:Fl.obj
 0001:0001a4a0       ?set_icons@Fl_X@@QAEXXZ    0041b4a0 f   fltk:Fl.obj
 0001:0001a640       ?set_cursor@Fl_X@@QAEHW4Fl_Cursor@@@Z 0041b640 f   fltk:Fl.obj
 0001:0001a7d0       ?set_cursor@Fl_X@@QAEHPBVFl_RGB_Image@@HH@Z 0041b7d0 f   fltk:Fl.obj
 0001:0001a850       ?make@Fl_X@@SAPAV1@PAVFl_Window@@@Z 0041b850 f   fltk:Fl.obj
 0001:0001b4f0       ?fl_release_dc@@YAXPAUHWND__@@PAUHDC__@@@Z 0041c4f0 f   fltk:Fl.obj
 0001:0001b590       ?fl_save_dc@@YAXPAUHWND__@@PAUHDC__@@@Z 0041c590 f   fltk:Fl.obj
 0001:0001b600       ?fl_open_display@@YAXXZ    0041c600 f   fltk:Fl.obj
 0001:0001b630       ?fl_find@@YAPAVFl_Window@@PAUHWND__@@@Z 0041c630 f   fltk:Fl.obj
 0001:0001b6b0       ?fl_GetDC@@YAPAUHDC__@@PAUHWND__@@@Z 0041c6b0 f   fltk:Fl.obj
 0001:0001b750       ?fl_free_fonts@@YAXXZ      0041c750 f   fltk:Fl.obj
 0001:0001b810       ?fl_cleanup_dc_list@@YAXXZ 0041c810 f   fltk:Fl.obj
 0001:0001b8e0       ?fl_clipboard_notify_change@@YAXXZ 0041c8e0 f   fltk:Fl.obj
 0001:0001b960       ?fl_clipboard_notify_empty@@YA_NXZ 0041c960 f   fltk:Fl.obj
 0001:0001b990       ?fl_trigger_clipboard_notify@@YAXH@Z 0041c990 f   fltk:Fl.obj
 0001:0001b9d0       ?fl_ready@@YAHXZ           0041c9d0 f   fltk:Fl.obj
 0001:0001bab0       ?fl_wait@@YAHN@Z           0041cab0 f   fltk:Fl.obj
 0001:0001bec0       ?fl_send_system_handlers@@YAHPAX@Z 0041cec0 f   fltk:Fl.obj
 0001:0001bf20       ?fl_fix_focus@@YAXXZ       0041cf20 f   fltk:Fl.obj
 0001:0001c100       ?fl_throw_focus@@YAXPAVFl_Widget@@@Z 0041d100 f   fltk:Fl.obj
 0001:0001c2d0       ?fl_clipboard_notify_retarget@@YAXPAUHWND__@@@Z 0041d2d0 f   fltk:Fl.obj
 0001:0001c330       ?fl_update_clipboard@@YAXXZ 0041d330 f   fltk:Fl.obj
 0001:0001c440       ?fl_set_status@@YAXHHHH@Z  0041d440 f   fltk:Fl.obj
 0001:0001c450       ?fl_set_spot@@YAXHHHHHHPAVFl_Window@@@Z 0041d450 f   fltk:Fl.obj
 0001:0001c5b0       ?fl_reset_spot@@YAXXZ      0041d5b0 f   fltk:Fl.obj
 0001:0001c5c0       ?print_window@Fl_Paged_Device@@QAEXPAVFl_Window@@HH@Z 0041d5c0 f   fltk:Fl.obj
 0001:0001cbf0       ?fl_get_lcid_codepage@@YAIK@Z 0041dbf0 f   fltk:Fl.obj
 0001:0001cc50       ?fl_get_codepage@@YAXXZ    0041dc50 f   fltk:Fl.obj
 0001:0001e210       ?fl_filename_name@@YAPBDPBD@Z 0041f210 f   fltk:Fl.obj
 0001:0001e810       ?fl_xid_@@YAPAUHWND__@@PBVFl_Window@@@Z 0041f810 f   fltk:Fl.obj
 0001:0001e840       ??0Lf2CrlfConvert@@QAE@PBDH@Z 0041f840 f i fltk:Fl.obj
 0001:0001ea00       ??1Fl_Win32_At_Exit@@QAE@XZ 0041fa00 f i fltk:Fl.obj
 0001:0001ea70       ??1Lf2CrlfConvert@@QAE@XZ  0041fa70 f i fltk:Fl.obj
 0001:0001eaa0       ??1NameList@@QAE@XZ        0041faa0 f i fltk:Fl.obj
 0001:0001eb00       ??_EFl_Device@@UAEPAXI@Z   0041fb00 f i fltk:Fl.obj
 0001:0001eb00       ??_GFl_Device@@UAEPAXI@Z   0041fb00 f i fltk:Fl.obj
 0001:0001eb30       ??_GFl_GDI_Graphics_Driver@@UAEPAXI@Z 0041fb30 f i fltk:Fl.obj
 0001:0001eb30       ??_EFl_GDI_Graphics_Driver@@UAEPAXI@Z 0041fb30 f i fltk:Fl.obj
 0001:0001eb90       ??_EFl_Graphics_Driver@@UAEPAXI@Z 0041fb90 f i fltk:Fl.obj
 0001:0001eb90       ??_GFl_Graphics_Driver@@UAEPAXI@Z 0041fb90 f i fltk:Fl.obj
 0001:0001ebf0       ??_GFl_Image@@UAEPAXI@Z    0041fbf0 f i fltk:Fl.obj
 0001:0001ebf0       ??_EFl_Image@@UAEPAXI@Z    0041fbf0 f i fltk:Fl.obj
 0001:0001ec20       ??_EFl_RGB_Image@@UAEPAXI@Z 0041fc20 f i fltk:Fl.obj
 0001:0001ec20       ??_GFl_RGB_Image@@UAEPAXI@Z 0041fc20 f i fltk:Fl.obj
 0001:0001ec50       ??_GFl_Surface_Device@@UAEPAXI@Z 0041fc50 f i fltk:Fl.obj
 0001:0001ec50       ??_EFl_Surface_Device@@UAEPAXI@Z 0041fc50 f i fltk:Fl.obj
 0001:0001ec90       ?add_name@NameList@@QAEXPBD@Z 0041fc90 f i fltk:Fl.obj
 0001:0001ed10       ?class_name@Fl_Device@@UAEPBDXZ 0041fd10 f i fltk:Fl.obj
 0001:0001ed20       ?class_name@Fl_GDI_Graphics_Driver@@UAEPBDXZ 0041fd20 f i fltk:Fl.obj
 0001:0001ed30       ?class_name@Fl_Graphics_Driver@@UAEPBDXZ 0041fd30 f i fltk:Fl.obj
 0001:0001ed40       ?class_name@Fl_Surface_Device@@UAEPBDXZ 0041fd40 f i fltk:Fl.obj
 0001:0001ed50       ?color@Fl_Graphics_Driver@@MAEXEEE@Z 0041fd50 f i fltk:Fl.obj
 0001:0001ed60       ?color@Fl_Graphics_Driver@@MAEXI@Z 0041fd60 f i fltk:Fl.obj
 0001:0001ed80       ?descent@Fl_Graphics_Driver@@UAEHXZ 0041fd80 f i fltk:Fl.obj
 0001:0001ed90       ?draw@Fl_Graphics_Driver@@MAEXHPBDHHH@Z 0041fd90 f i fltk:Fl.obj
 0001:0001eda0       ?draw@Fl_Graphics_Driver@@MAEXPAVFl_Bitmap@@HHHHHH@Z 0041fda0 f i fltk:Fl.obj
 0001:0001edb0       ?draw@Fl_Graphics_Driver@@MAEXPAVFl_Pixmap@@HHHHHH@Z 0041fdb0 f i fltk:Fl.obj
 0001:0001edc0       ?draw@Fl_Graphics_Driver@@MAEXPAVFl_RGB_Image@@HHHHHH@Z 0041fdc0 f i fltk:Fl.obj
 0001:0001edd0       ?draw@Fl_Graphics_Driver@@MAEXPBDHHH@Z 0041fdd0 f i fltk:Fl.obj
 0001:0001ede0       ?draw_image@Fl_Graphics_Driver@@MAEXP6AXPAXHHHPAE@Z0HHHHH@Z 0041fde0 f i fltk:Fl.obj
 0001:0001edf0       ?draw_image@Fl_Graphics_Driver@@MAEXPBEHHHHHH@Z 0041fdf0 f i fltk:Fl.obj
 0001:0001ee00       ?draw_image_mono@Fl_Graphics_Driver@@MAEXP6AXPAXHHHPAE@Z0HHHHH@Z 0041fe00 f i fltk:Fl.obj
 0001:0001ee10       ?draw_image_mono@Fl_Graphics_Driver@@MAEXPBEHHHHHH@Z 0041fe10 f i fltk:Fl.obj
 0001:0001ee20       ?font@Fl_Graphics_Driver@@UAEXHH@Z 0041fe20 f i fltk:Fl.obj
 0001:0001ee40       ?height@Fl_Graphics_Driver@@UAEHXZ 0041fe40 f i fltk:Fl.obj
 0001:0001ee60       ?rtl_draw@Fl_Graphics_Driver@@MAEXPBDHHH@Z 0041fe60 f i fltk:Fl.obj
 0001:0001ee70       ?width@Fl_Graphics_Driver@@UAENI@Z 0041fe70 f i fltk:Fl.obj
 0001:0001eea0       ?width@Fl_Graphics_Driver@@UAENPBDH@Z 0041fea0 f i fltk:Fl.obj
 0001:0001eeb0       ?fl_beep@@YAXH@Z           0041feb0 f   fltk:fl_ask.obj
 0001:0001ef20       ?fl_message@@YAXPBDZZ      0041ff20 f   fltk:fl_ask.obj
 0001:0001ef80       ?fl_alert@@YAXPBDZZ        0041ff80 f   fltk:fl_ask.obj
 0001:0001efe0       ?fl_ask@@YAHPBDZZ          0041ffe0 f   fltk:fl_ask.obj
 0001:0001f030       ?fl_choice@@YAHPBD000ZZ    00420030 f   fltk:fl_ask.obj
 0001:0001f080       ?fl_input@@YAPBDPBD0ZZ     00420080 f   fltk:fl_ask.obj
 0001:0001f0d0       ?fl_password@@YAPBDPBD0ZZ  004200d0 f   fltk:fl_ask.obj
 0001:0001f120       ?fl_message_icon@@YAPAVFl_Widget@@XZ 00420120 f   fltk:fl_ask.obj
 0001:0001f130       ?fl_message_hotspot@@YAXH@Z 00420130 f   fltk:fl_ask.obj
 0001:0001f160       ?fl_message_hotspot@@YAHXZ 00420160 f   fltk:fl_ask.obj
 0001:0001f170       ?fl_message_title@@YAXPBD@Z 00420170 f   fltk:fl_ask.obj
 0001:0001f190       ?fl_message_title_default@@YAXPBD@Z 00420190 f   fltk:fl_ask.obj
 0001:00020010       ??$__vcrt_va_start_verify_argument_type@PBD@@YAXXZ 00421010 f i fltk:fl_ask.obj
 0001:00020020       ?default_atclose@Fl@@SAXPAVFl_Window@@PAX@Z 00421020 f   fltk:Fl_Window.obj
 0001:00020050       ?window@Fl_Widget@@QBEPAVFl_Window@@XZ 00421050 f   fltk:Fl_Window.obj
 0001:000200a0       ?top_window@Fl_Widget@@QBEPAVFl_Window@@XZ 004210a0 f   fltk:Fl_Window.obj
 0001:000200e0       ?top_window_offset@Fl_Widget@@QBEPAVFl_Window@@AAH0@Z 004210e0 f   fltk:Fl_Window.obj
 0001:00020160       ?_Fl_Window@Fl_Window@@AAEXXZ 00421160 f   fltk:Fl_Window.obj
 0001:00020250       ?free_icons@Fl_Window@@IAEXXZ 00421250 f   fltk:Fl_Window.obj
 0001:00020360       ??0Fl_Window@@QAE@HHPBD@Z  00421360 f   fltk:Fl_Window.obj
 0001:00020400       ??0Fl_Window@@QAE@HHHHPBD@Z 00421400 f   fltk:Fl_Window.obj
 0001:000204a0       ??1Fl_Window@@UAE@XZ       004214a0 f   fltk:Fl_Window.obj
 0001:00020590       ?label@Fl_Window@@QAEXPBD@Z 00421590 f   fltk:Fl_Window.obj
 0001:000205c0       ?iconlabel@Fl_Window@@QAEXPBD@Z 004215c0 f   fltk:Fl_Window.obj
 0001:000205f0       ?copy_label@Fl_Window@@QAEXPBD@Z 004215f0 f   fltk:Fl_Window.obj
 0001:00020630       ?default_xclass@Fl_Window@@SAXPBD@Z 00421630 f   fltk:Fl_Window.obj
 0001:00020670       ?default_xclass@Fl_Window@@SAPBDXZ 00421670 f   fltk:Fl_Window.obj
 0001:00020690       ?xclass@Fl_Window@@QBEPBDXZ 00421690 f   fltk:Fl_Window.obj
 0001:000206c0       ?xclass@Fl_Window@@QAEXPBD@Z 004216c0 f   fltk:Fl_Window.obj
 0001:00020720       ?default_icon@Fl_Window@@SAXPBVFl_RGB_Image@@@Z 00421720 f   fltk:Fl_Window.obj
 0001:00020740       ?default_icons@Fl_Window@@SAXQAPBVFl_RGB_Image@@H@Z 00421740 f   fltk:Fl_Window.obj
 0001:00020760       ?icon@Fl_Window@@QAEXPBVFl_RGB_Image@@@Z 00421760 f   fltk:Fl_Window.obj
 0001:00020780       ?icons@Fl_Window@@QAEXQAPBVFl_RGB_Image@@H@Z 00421780 f   fltk:Fl_Window.obj
 0001:00020850       ?icon@Fl_Window@@QBEPBXXZ  00421850 f   fltk:Fl_Window.obj
 0001:00020870       ?icon@Fl_Window@@QAEXPBX@Z 00421870 f   fltk:Fl_Window.obj
 0001:00020890       ?wait_for_expose@Fl_Window@@QAEXXZ 00421890 f   fltk:Fl_Window.obj
 0001:000208e0       ?x_root@Fl_Window@@QBEHXZ  004218e0 f   fltk:Fl_Window.obj
 0001:00020920       ?y_root@Fl_Window@@QBEHXZ  00421920 f   fltk:Fl_Window.obj
 0001:00020960       ?current@Fl_Window@@SAPAV1@XZ 00421960 f   fltk:Fl_Window.obj
 0001:00020970       ?default_callback@Fl_Window@@SAXPAV1@PAX@Z 00421970 f   fltk:Fl_Window.obj
 0001:00020990       ??_GFl_Window@@UAEPAXI@Z   00421990 f i fltk:Fl_Window.obj
 0001:00020990       ??_EFl_Window@@UAEPAXI@Z   00421990 f i fltk:Fl_Window.obj
 0001:000209d0       ?as_gl_window@Fl_Widget@@UAEPAVFl_Gl_Window@@XZ 004219d0 f i fltk:Fl_Window.obj
 0001:000209e0       ?navigation@Fl_Group@@AAEHH@Z 004219e0 f   fltk:Fl_Group.obj
 0001:00020ba0       ?draw@Fl_Group@@MAEXXZ     00421ba0 f   fltk:Fl_Group.obj
 0001:00020be0       ?draw_child@Fl_Group@@IBEXAAVFl_Widget@@@Z 00421be0 f   fltk:Fl_Group.obj
 0001:00020c90       ?draw_children@Fl_Group@@IAEXXZ 00421c90 f   fltk:Fl_Group.obj
 0001:00020e70       ?draw_outside_label@Fl_Group@@IBEXABVFl_Widget@@@Z 00421e70 f   fltk:Fl_Group.obj
 0001:00021100       ?update_child@Fl_Group@@IBEXAAVFl_Widget@@@Z 00422100 f   fltk:Fl_Group.obj
 0001:000211c0       ?sizes@Fl_Group@@IAEPAHXZ  004221c0 f   fltk:Fl_Group.obj
 0001:00021500       ?handle@Fl_Group@@UAEHH@Z  00422500 f   fltk:Fl_Group.obj
 0001:00021ec0       ?begin@Fl_Group@@QAEXXZ    00422ec0 f   fltk:Fl_Group.obj
 0001:00021ee0       ?end@Fl_Group@@QAEXXZ      00422ee0 f   fltk:Fl_Group.obj
 0001:00021f00       ?current@Fl_Group@@SAPAV1@XZ 00422f00 f   fltk:Fl_Group.obj
 0001:00021f10       ?current@Fl_Group@@SAXPAV1@@Z 00422f10 f   fltk:Fl_Group.obj
 0001:00021f20       ?find@Fl_Group@@QBEHPBVFl_Widget@@@Z 00422f20 f   fltk:Fl_Group.obj
 0001:00021f80       ?array@Fl_Group@@QBEPBQAVFl_Widget@@XZ 00422f80 f   fltk:Fl_Group.obj
 0001:00021fb0       ?resize@Fl_Group@@UAEXHHHH@Z 00422fb0 f   fltk:Fl_Group.obj
 0001:000223c0       ??0Fl_Group@@QAE@HHHHPBD@Z 004233c0 f   fltk:Fl_Group.obj
 0001:00022470       ??1Fl_Group@@UAE@XZ        00423470 f   fltk:Fl_Group.obj
 0001:000224c0       ?add@Fl_Group@@QAEXAAVFl_Widget@@@Z 004234c0 f   fltk:Fl_Group.obj
 0001:000224e0       ?insert@Fl_Group@@QAEXAAVFl_Widget@@H@Z 004234e0 f   fltk:Fl_Group.obj
 0001:00022680       ?remove@Fl_Group@@QAEXH@Z  00423680 f   fltk:Fl_Group.obj
 0001:00022780       ?remove@Fl_Group@@QAEXAAVFl_Widget@@@Z 00423780 f   fltk:Fl_Group.obj
 0001:000227c0       ?clear@Fl_Group@@QAEXXZ    004237c0 f   fltk:Fl_Group.obj
 0001:00022950       ?init_sizes@Fl_Group@@QAEXXZ 00423950 f   fltk:Fl_Group.obj
 0001:00022980       ??0Fl_Input_Choice@@QAE@HHHHPBD@Z 00423980 f   fltk:Fl_Group.obj
 0001:00022c30       ??0Fl_Spinner@@QAE@HHHHPBD@Z 00423c30 f   fltk:Fl_Group.obj
 0001:00023060       ??$__vcrt_va_start_verify_argument_type@QBD@@YAXXZ 00424060 f i fltk:Fl_Group.obj
 0001:00023070       ??1Fl_Input@@UAE@XZ        00424070 f i fltk:Fl_Group.obj
 0001:00023090       ??1Fl_Repeat_Button@@UAE@XZ 00424090 f i fltk:Fl_Group.obj
 0001:000230b0       ??1Fl_Spinner@@UAE@XZ      004240b0 f i fltk:Fl_Group.obj
 0001:000230f0       ??_GFl_Group@@UAEPAXI@Z    004240f0 f i fltk:Fl_Group.obj
 0001:000230f0       ??_EFl_Group@@UAEPAXI@Z    004240f0 f i fltk:Fl_Group.obj
 0001:00023120       ??_GFl_Input_Choice@@UAEPAXI@Z 00424120 f i fltk:Fl_Group.obj
 0001:00023120       ??_EFl_Input_Choice@@UAEPAXI@Z 00424120 f i fltk:Fl_Group.obj
 0001:00023150       ??_EFl_Spinner@@UAEPAXI@Z  00424150 f i fltk:Fl_Group.obj
 0001:00023150       ??_GFl_Spinner@@UAEPAXI@Z  00424150 f i fltk:Fl_Group.obj
 0001:00023190       ??_EInputMenuButton@Fl_Input_Choice@@UAEPAXI@Z 00424190 f i fltk:Fl_Group.obj
 0001:00023190       ??_GInputMenuButton@Fl_Input_Choice@@UAEPAXI@Z 00424190 f i fltk:Fl_Group.obj
 0001:000231c0       ?as_group@Fl_Widget@@UAEPAVFl_Group@@XZ 004241c0 f i fltk:Fl_Group.obj
 0001:000231d0       ?as_window@Fl_Widget@@UAEPAVFl_Window@@XZ 004241d0 f i fltk:Fl_Group.obj
 0001:000231e0       ?draw@InputMenuButton@Fl_Input_Choice@@EAEXXZ 004241e0 f i fltk:Fl_Group.obj
 0001:000232e0       ?draw_focus@Fl_Widget@@IAEXXZ 004242e0 f i fltk:Fl_Group.obj
 0001:00023340       ?handle@Fl_Spinner@@UAEHH@Z 00424340 f i fltk:Fl_Group.obj
 0001:00023410       ?inp_cb@Fl_Input_Choice@@CAXPAVFl_Widget@@PAX@Z 00424410 f i fltk:Fl_Group.obj
 0001:00023530       ?menu_cb@Fl_Input_Choice@@CAXPAVFl_Widget@@PAX@Z 00424530 f i fltk:Fl_Group.obj
 0001:00023730       ?menu_x@Fl_Input_Choice@@AAEHXZ 00424730 f i fltk:Fl_Group.obj
 0001:00023780       ?resize@Fl_Input_Choice@@UAEXHHHH@Z 00424780 f i fltk:Fl_Group.obj
 0001:000238e0       ?resize@Fl_Spinner@@UAEXHHHH@Z 004248e0 f i fltk:Fl_Group.obj
 0001:000239d0       ?sb_cb@Fl_Spinner@@CAXPAVFl_Widget@@PAV1@@Z 004249d0 f i fltk:Fl_Group.obj
 0001:00023b50       ?update@Fl_Spinner@@AAEXXZ 00424b50 f i fltk:Fl_Group.obj
 0001:00023d30       ?setonly@Fl_Menu_Item@@QAEXXZ 00424d30 f   fltk:Fl_Menu_.obj
 0001:00023de0       ??0Fl_Menu_@@QAE@HHHHPBD@Z 00424de0 f   fltk:Fl_Menu_.obj
 0001:00023e90       ??1Fl_Menu_@@UAE@XZ        00424e90 f   fltk:Fl_Menu_.obj
 0001:00023ee0       ?item_pathname@Fl_Menu_@@QBEHPADHPBUFl_Menu_Item@@@Z 00424ee0 f   fltk:Fl_Menu_.obj
 0001:00024130       ?picked@Fl_Menu_@@QAEPBUFl_Menu_Item@@PBU2@@Z 00425130 f   fltk:Fl_Menu_.obj
 0001:00024250       ?find_item@Fl_Menu_@@QAEPBUFl_Menu_Item@@PBD@Z 00425250 f   fltk:Fl_Menu_.obj
 0001:00024290       ?find_item@Fl_Menu_@@QAEPBUFl_Menu_Item@@P6AXPAVFl_Widget@@PAX@Z@Z 00425290 f   fltk:Fl_Menu_.obj
 0001:000242e0       ?find_index@Fl_Menu_@@QBEHPBD@Z 004252e0 f   fltk:Fl_Menu_.obj
 0001:00024510       ?find_index@Fl_Menu_@@QBEHPBUFl_Menu_Item@@@Z 00425510 f   fltk:Fl_Menu_.obj
 0001:00024560       ?find_index@Fl_Menu_@@QBEHP6AXPAVFl_Widget@@PAX@Z@Z 00425560 f   fltk:Fl_Menu_.obj
 0001:000245b0       ?menu@Fl_Menu_@@QAEXPBUFl_Menu_Item@@@Z 004255b0 f   fltk:Fl_Menu_.obj
 0001:000245e0       ?copy@Fl_Menu_@@QAEXPBUFl_Menu_Item@@PAX@Z 004255e0 f   fltk:Fl_Menu_.obj
 0001:00024680       ?size@Fl_Menu_@@QBEHXZ     00425680 f   fltk:Fl_Menu_.obj
 0001:000246b0       ?clear@Fl_Menu_@@QAEXXZ    004256b0 f   fltk:Fl_Menu_.obj
 0001:00024770       ?clear_submenu@Fl_Menu_@@QAEHH@Z 00425770 f   fltk:Fl_Menu_.obj
 0001:000247f0       ?value@Fl_Menu_@@QAEHPBUFl_Menu_Item@@@Z 004257f0 f   fltk:Fl_Menu_.obj
 0001:00024830       ??_EFl_Menu_@@UAEPAXI@Z    00425830 f i fltk:Fl_Menu_.obj
 0001:00024830       ??_GFl_Menu_@@UAEPAXI@Z    00425830 f i fltk:Fl_Menu_.obj
 0001:00024860       ?draw@Fl_Menu_Bar@@MAEXXZ  00425860 f   fltk:Fl_Menu_Bar.obj
 0001:00024a10       ?handle@Fl_Menu_Bar@@UAEHH@Z 00425a10 f   fltk:Fl_Menu_Bar.obj
 0001:00024b80       ??0Fl_Menu_Bar@@QAE@HHHHPBD@Z 00425b80 f   fltk:Fl_Menu_Bar.obj
 0001:00024bc0       ??_GFl_Menu_Bar@@UAEPAXI@Z 00425bc0 f i fltk:Fl_Menu_Bar.obj
 0001:00024bc0       ??_EFl_Menu_Bar@@UAEPAXI@Z 00425bc0 f i fltk:Fl_Menu_Bar.obj
 0001:00024bf0       ??0Fl_Valuator@@IAE@HHHHPBD@Z 00425bf0 f   fltk:Fl_Valuator.obj
 0001:00024ca0       ?softclamp@Fl_Valuator@@IAENN@Z 00425ca0 f   fltk:Fl_Valuator.obj
 0001:00024dc0       ?handle_drag@Fl_Valuator@@IAEXN@Z 00425dc0 f   fltk:Fl_Valuator.obj
 0001:00024e30       ?handle_release@Fl_Valuator@@IAEXXZ 00425e30 f   fltk:Fl_Valuator.obj
 0001:00024e90       ?value_damage@Fl_Valuator@@MAEXXZ 00425e90 f   fltk:Fl_Valuator.obj
 0001:00024eb0       ?step@Fl_Valuator@@QAEXN@Z 00425eb0 f   fltk:Fl_Valuator.obj
 0001:00024fa0       ?precision@Fl_Valuator@@QAEXH@Z 00425fa0 f   fltk:Fl_Valuator.obj
 0001:00025000       ?value@Fl_Valuator@@QAEHN@Z 00426000 f   fltk:Fl_Valuator.obj
 0001:00025060       ?format@Fl_Valuator@@UAEHPAD@Z 00426060 f   fltk:Fl_Valuator.obj
 0001:000251b0       ?round@Fl_Valuator@@QAENN@Z 004261b0 f   fltk:Fl_Valuator.obj
 0001:00025230       ?clamp@Fl_Valuator@@QAENN@Z 00426230 f   fltk:Fl_Valuator.obj
 0001:000252f0       ?increment@Fl_Valuator@@QAENNH@Z 004262f0 f   fltk:Fl_Valuator.obj
 0001:000253c0       ??_GFl_Valuator@@UAEPAXI@Z 004263c0 f i fltk:Fl_Valuator.obj
 0001:000253c0       ??_EFl_Valuator@@UAEPAXI@Z 004263c0 f i fltk:Fl_Valuator.obj
 0001:00025400       ?draw@Fl_Value_Slider@@MAEXXZ 00426400 f   fltk:Fl_Value_Slider.obj
 0001:00025770       ?handle@Fl_Value_Slider@@UAEHH@Z 00426770 f   fltk:Fl_Value_Slider.obj
 0001:00025880       ??0Fl_Value_Slider@@QAE@HHHHPBD@Z 00426880 f   fltk:Fl_Value_Slider.obj
 0001:00025900       ??0Fl_Hor_Value_Slider@@QAE@HHHHPBD@Z 00426900 f   fltk:Fl_Value_Slider.obj
 0001:00025940       ??_EFl_Hor_Value_Slider@@UAEPAXI@Z 00426940 f i fltk:Fl_Value_Slider.obj
 0001:00025940       ??_GFl_Hor_Value_Slider@@UAEPAXI@Z 00426940 f i fltk:Fl_Value_Slider.obj
 0001:00025980       ??_EFl_Value_Slider@@UAEPAXI@Z 00426980 f i fltk:Fl_Value_Slider.obj
 0001:00025980       ??_GFl_Value_Slider@@UAEPAXI@Z 00426980 f i fltk:Fl_Value_Slider.obj
 0001:000259c0       ?key_release_timeout@Fl_Button@@KAXPAX@Z 004269c0 f   fltk:Fl_Button.obj
 0001:00025a60       ?simulate_key_action@Fl_Button@@IAEXXZ 00426a60 f   fltk:Fl_Button.obj
 0001:00025b40       ?draw@Fl_Button@@MAEXXZ    00426b40 f   fltk:Fl_Button.obj
 0001:00025c90       ?handle@Fl_Button@@UAEHH@Z 00426c90 f   fltk:Fl_Button.obj
 0001:00026240       ??0Fl_Button@@QAE@HHHHPBD@Z 00427240 f   fltk:Fl_Button.obj
 0001:000262b0       ?value@Fl_Button@@QAEHH@Z  004272b0 f   fltk:Fl_Button.obj
 0001:00026340       ?setonly@Fl_Button@@QAEXXZ 00427340 f   fltk:Fl_Button.obj
 0001:000263c0       ??0Fl_Radio_Button@@QAE@HHHHPBD@Z 004273c0 f   fltk:Fl_Button.obj
 0001:00026400       ??0Fl_Toggle_Button@@QAE@HHHHPBD@Z 00427400 f   fltk:Fl_Button.obj
 0001:00026440       ??_EFl_Button@@UAEPAXI@Z   00427440 f i fltk:Fl_Button.obj
 0001:00026440       ??_GFl_Button@@UAEPAXI@Z   00427440 f i fltk:Fl_Button.obj
 0001:00026470       ??_EFl_Radio_Button@@UAEPAXI@Z 00427470 f i fltk:Fl_Button.obj
 0001:00026470       ??_GFl_Radio_Button@@UAEPAXI@Z 00427470 f i fltk:Fl_Button.obj
 0001:000264a0       ??_EFl_Toggle_Button@@UAEPAXI@Z 004274a0 f i fltk:Fl_Button.obj
 0001:000264a0       ??_GFl_Toggle_Button@@UAEPAXI@Z 004274a0 f i fltk:Fl_Button.obj
 0001:000264d0       ?fl_dir_chooser@@YAPADPBD0H@Z 004274d0 f   fltk:fl_file_dir.obj
 0001:00026670       ?fl_file_chooser@@YAPADPBD00H@Z 00427670 f   fltk:fl_file_dir.obj
 0001:000269b0       ?fl_file_chooser_callback@@YAXP6AXPBD@Z@Z 004279b0 f   fltk:fl_file_dir.obj
 0001:000269c0       ?fl_file_chooser_ok_label@@YAXPBD@Z 004279c0 f   fltk:fl_file_dir.obj
 0001:00026a30       _fl_utf8bytes              00427a30 f   fltk:fl_utf.obj
 0001:00026a90       _fl_utf8decode             00427a90 f   fltk:fl_utf.obj
 0001:00026d80       _fl_utf8encode             00427d80 f   fltk:fl_utf.obj
 0001:00026f10       _fl_utf8fwd                00427f10 f   fltk:fl_utf.obj
 0001:00026fc0       _fl_utf8back               00427fc0 f   fltk:fl_utf.obj
 0001:00027060       _fl_ucs_to_Utf16           00428060 f   fltk:fl_utf.obj
 0001:00027180       _fl_utf8toUtf16            00428180 f   fltk:fl_utf.obj
 0001:00027320       _fl_utf8towc               00428320 f   fltk:fl_utf.obj
 0001:00027340       _fl_utf8fromwc             00428340 f   fltk:fl_utf.obj
 0001:00027690       _fl_utf8toa                00428690 f   fltk:fl_utf.obj
 0001:000277b0       _fl_utf8froma              004287b0 f   fltk:fl_utf.obj
 0001:000278e0       _fl_utf8locale             004288e0 f   fltk:fl_utf.obj
 0001:00027920       _fl_utf8test               00428920 f   fltk:fl_utf.obj
 0001:000279a0       _fl_wcwidth_               004289a0 f   fltk:fl_utf.obj
 0001:000279c0       _fl_wcwidth                004289c0 f   fltk:fl_utf.obj
 0001:00027a10       _fl_utf8to_mb              00428a10 f   fltk:fl_utf.obj
 0001:00027b90       _fl_utf8from_mb            00428b90 f   fltk:fl_utf.obj
 0001:00027ec0       ?call_screen_init@Fl@@SAXXZ 00428ec0 f   fltk:screen_xywh.obj
[...]
 0003:000010cc       $SG5889                    004890cc     fltk:vsnprintf.obj
 0003:000010d4       $SG5892                    004890d4     fltk:vsnprintf.obj
 0003:000010d8       $SG5899                    004890d8     fltk:vsnprintf.obj
 0003:000010dc       $SG5933                    004890dc     fltk:vsnprintf.obj
 0003:000010e8       ?table@@3PAUKeyname@@A     004890e8     fltk:fl_shortcut.obj
 0003:000011e0       ?standard_fp_chars@@3PBDB  004891e0     fltk:Fl_Input.obj
 0003:000011e4       ?drag_start@?1??handle@Fl_Input@@UAEHH@Z@4HA 004891e4     fltk:Fl_Input.obj
 0003:000011e8       ?l_local_buff@?1??expand_text_@@YAPBDPBDAAPADHNAAHAANHH@Z@4HA 004891e8     fltk:fl_draw.obj
 0003:000011f0       ?draw_it_active@@3HA       004891f0     fltk:fl_boxtype.obj
 0003:000011f8       ?fl_box_table@@3PAU<unnamed-type-fl_box_table>@@A 004891f8     fltk:fl_boxtype.obj
 0003:00001e34       ?symbnumb@@3HA             00489e34     fltk:fl_symbols.obj
 0003:00001e38       ?cursors@@3PAW4Fl_Cursor@@A 00489e38     fltk:Fl_Tile.obj
 0003:00001e48       $SG37744                   00489e48     fltk:scandir.obj
 0003:00001e4c       $SG37747                   00489e4c     fltk:scandir.obj
 0003:00001e50       $SG37752                   00489e50     fltk:scandir.obj
 0003:00001e54       $SG37756                   00489e54     fltk:scandir.obj
 0003:00002d40       ?done@@3_NA                0048ad40     TraceUI.obj
 0003:00002d88       ?clip_notify_list@@3PAUClipboard_Notify@@A 0048ad88     fltk:Fl.obj
 0003:00002d94       ?clipboard_wnd@@3PAUHWND__@@A 0048ad94     fltk:Fl.obj
 0003:00002d98       ?next_clipboard_wnd@@3PAUHWND__@@A 0048ad98     fltk:Fl.obj
 0003:00002d9c       ?handlers@@3PAUhandler_link@@A 0048ad9c     fltk:Fl.obj
 0003:00002da0       ?s_wsock_mod@@3PAUHINSTANCE__@@A 0048ada0     fltk:Fl.obj
 0003:00002da4       ?s_wsock_select@@3P6GHHPAUfd_set@@00PBUtimeval@@@ZA 0048ada4     fltk:Fl.obj
 0003:00002da8       ?fl_wsk_fd_is_set@@3P6GHIPAUfd_set@@@ZA 0048ada8     fltk:Fl.obj
 0003:00002dd4       ?s_imm_module@@3PAUHINSTANCE__@@A 0048add4     fltk:Fl.obj
 0003:00002dd8       ?flImmAssociateContextEx@@3P6GHPAUHWND__@@PAUHIMC__@@K@ZA 0048add8     fltk:Fl.obj
 0003:00002ddd       ?dnd_flag@@3DA             0048addd     fltk:Fl.obj
 0003:00002de0       ?flImmGetContext@@3P6GPAUHIMC__@@PAUHWND__@@@ZA 0048ade0     fltk:Fl.obj
 0003:00002de8       ?flImmSetCompositionWindow@@3P6GHPAUHIMC__@@PAUtagCOMPOSITIONFORM@@@ZA 0048ade8     fltk:Fl.obj
 0003:00002dec       ?flImmReleaseContext@@3P6GHPAUHWND__@@PAUHIMC__@@@ZA 0048adec     fltk:Fl.obj
 0003:00002df0       ?sys_handlers@@3PAUsystem_handler_link@@A 0048adf0     fltk:Fl.obj
 0003:00002df4       ?track_mouse_win@@3PAVFl_Window@@A 0048adf4     fltk:Fl.obj
 0003:00002df8       ?maxfd@@3HA                0048adf8     fltk:Fl.obj
 0003:00002dfc       ?nfds@@3HA                 0048adfc     fltk:Fl.obj
 0003:00002e00       ?fd_array_size@@3HA        0048ae00     fltk:Fl.obj
 0003:00002e2c       ?fd@@3PAUFD@@A             0048ae2c     fltk:Fl.obj
 0003:00002e8c       ?default_big_icon@@3PAUHICON__@@A 0048ae8c     fltk:Fl.obj
 0003:00002e90       ?default_small_icon@@3PAUHICON__@@A 0048ae90     fltk:Fl.obj
 0003:00002e94       ?win_DC_list@@3PAUWin_DC_List@@A 0048ae94     fltk:Fl.obj
 0003:00002ea0       ?num_dwidgets@@3HA         0048aea0     fltk:Fl.obj
 0003:00002ea4       ?alloc_dwidgets@@3HA       0048aea4     fltk:Fl.obj
 0003:00002ea8       ?dwidgets@@3PAPAVFl_Widget@@A 0048aea8     fltk:Fl.obj
 0003:00002eac       ?widget_watch@@3PAPAPAVFl_Widget@@A 0048aeac     fltk:Fl.obj
 0003:00002eb0       ?num_widget_watch@@3HA     0048aeb0     fltk:Fl.obj
 0003:00002eb4       ?max_widget_watch@@3HA     0048aeb4     fltk:Fl.obj
 0003:00002ec0       ?win32_at_exit@@3VFl_Win32_At_Exit@@A 0048aec0     fltk:Fl.obj
 0003:00002ec4       ?fl_gdi_display@@3VFl_Display_Device@@A 0048aec4     fltk:Fl.obj
 0003:00002ed0       ?fl_gdi_driver@@3VFl_GDI_Graphics_Driver@@A 0048aed0     fltk:Fl.obj
 0003:000035b8       ?first_check@@3PAUCheck@@A 0048b5b8     fltk:Fl.obj
 0003:000035bc       ?next_check@@3PAUCheck@@A  0048b5bc     fltk:Fl.obj
 0003:000035c0       ?free_check@@3PAUCheck@@A  0048b5c0     fltk:Fl.obj
 0003:000035c4       ?thread_message_@@3PAXA    0048b5c4     fltk:Fl.obj
 0003:000035c8       ?fdsets@@3PAUfd_set@@A     0048b5c8     fltk:Fl.obj
 0003:000038d4       ?win32_timers@@3PAUWin32Timer@@A 0048b8d4     fltk:Fl.obj
 0003:000038d8       ?win32_timer_alloc@@3HA    0048b8d8     fltk:Fl.obj
 0003:000038dc       ?win32_timer_used@@3HA     0048b8dc     fltk:Fl.obj
 0003:000038e0       ?s_TimerWnd@@3PAUHWND__@@A 0048b8e0     fltk:Fl.obj
 0003:000038e4       ?resize_bug_fix@@3PAVFl_Window@@A 0048b8e4     fltk:Fl.obj
 0003:000038e8       ?in_idle@?1??fl_wait@@YAHN@Z@4DA 0048b8e8     fltk:Fl.obj
 0003:000038e9       ?beenHereDoneThat@?1??fl_open_display@@YAXXZ@4DA 0048b8e9     fltk:Fl.obj
 0003:000038ec       ?px@?1??mouse_event@@YAHPAVFl_Window@@HHIJ@Z@4HA 0048b8ec     fltk:Fl.obj
 0003:000038f0       ?py@?1??mouse_event@@YAHPAVFl_Window@@HHIJ@Z@4HA 0048b8f0     fltk:Fl.obj
 0003:000038f4       ?pmx@?1??mouse_event@@YAHPAVFl_Window@@HHIJ@Z@4HA 0048b8f4     fltk:Fl.obj
 0003:000038f8       ?pmy@?1??mouse_event@@YAHPAVFl_Window@@HHIJ@Z@4HA 0048b8f8     fltk:Fl.obj
 0003:00003900       ?vklut@?1??ms2fltk@@YAHIH@Z@4PAGA 0048b900     fltk:Fl.obj
 0003:00003b00       ?extendedlut@?1??ms2fltk@@YAHIH@Z@4PAGA 0048bb00     fltk:Fl.obj
 0003:00003d00       ?buffer@?DH@??WndProc@@YGJPAUHWND__@@IIJ@Z@4PADA 0048bd00     fltk:Fl.obj
 0003:00004100       ?delta@?GG@??WndProc@@YGJPAUHWND__@@IIJ@Z@4HA 0048c100     fltk:Fl.obj
 0003:00004104       ?delta@?GJ@??WndProc@@YGJPAUHWND__@@IIJ@Z@4HA 0048c104     fltk:Fl.obj
 0003:00004108       ?class_name_list@?1??make@Fl_X@@SAPAV2@PAVFl_Window@@@Z@4VNameList@@A 0048c108     fltk:Fl.obj
 0003:00004114       ?$TSS0@?1??make@Fl_X@@SAPAV2@PAVFl_Window@@@Z@4HA 0048c114     fltk:Fl.obj
 0003:00004118       ?first_class_name@?1??make@Fl_X@@SAPAV2@PAVFl_Window@@@Z@4PBDB 0048c118     fltk:Fl.obj
 0003:0000411c       ?avoidRecursion@@3DA       0048c11c     fltk:fl_ask.obj
 0003:00004124       ?message_form@@3PAVFl_Window@@A 0048c124     fltk:fl_ask.obj
 0003:00004128       ?message@@3PAVFl_Box@@A    0048c128     fltk:fl_ask.obj
 0003:0000412c       ?icon@@3PAVFl_Box@@A       0048c12c     fltk:fl_ask.obj
 0003:00004130       ?button@@3PAPAVFl_Button@@A 0048c130     fltk:fl_ask.obj
 0003:0000413c       ?input@@3PAVFl_Input@@A    0048c13c     fltk:fl_ask.obj
 0003:00004140       ?ret_val@@3HA              0048c140     fltk:fl_ask.obj
 0003:00004144       ?message_title_default@@3PBDB 0048c144     fltk:fl_ask.obj
 0003:00004158       ?fc@@3PAVFl_File_Chooser@@A 0048c158     fltk:fl_file_dir.obj
 0003:0000415c       ?current_callback@@3P6AXPBD@ZA 0048c15c     fltk:fl_file_dir.obj
 0003:00004160       ?current_label@@3PBDB      0048c160     fltk:fl_file_dir.obj
 0003:00004168       ?retname@?1??fl_file_chooser@@YAPADPBD00H@Z@4PADA 0048c168     fltk:fl_file_dir.obj
 0003:00004968       ?retname@?1??fl_dir_chooser@@YAPADPBD0H@Z@4PADA 0048c968     fltk:fl_file_dir.obj
 0003:00005168       ?fl_gmi@@3P6GHPAUHMONITOR__@@PAUtagMONITORINFO@@@ZA 0048d168     fltk:screen_xywh.obj
 0003:00005170       ?screens@@3PAUtagRECT@@A   0048d170     fltk:screen_xywh.obj
 0003:00005270       ?work_area@@3PAUtagRECT@@A 0048d270     fltk:screen_xywh.obj
 0003:00005370       ?dpi@@3PAY01MA             0048d370     fltk:screen_xywh.obj
 0003:00005420       ?main_thread@@3KA          0048d420     fltk:Fl_lock.obj
 0003:00005428       ?measure@@3PAP6AXPBUFl_Label@@AAH1@ZA 0048d428     fltk:fl_labeltype.obj
 0003:00005468       ?obj_queue@@3PAPAVFl_Widget@@A 0048d468     fltk:Fl_Widget.obj
 0003:000054b8       ?obj_head@@3HA             0048d4b8     fltk:Fl_Widget.obj
 0003:000054bc       ?obj_tail@@3HA             0048d4bc     fltk:Fl_Widget.obj
 0003:000054cc       ?window@@3PAVFl_TooltipBox@@A 0048d4cc     fltk:Fl_Tooltip.obj
 0003:000054d4       ?tip@@3PBDB                0048d4d4     fltk:Fl_Tooltip.obj
 0003:000054d8       ?Y@@3HA                    0048d4d8     fltk:Fl_Tooltip.obj
 0003:000054dc       ?H@@3HA                    0048d4dc     fltk:Fl_Tooltip.obj
 0003:000054e0       ?recent_tooltip@@3DA       0048d4e0     fltk:Fl_Tooltip.obj
 0003:000054e1       ?recursion@@3DA            0048d4e1     fltk:Fl_Tooltip.obj
 0003:000054e2       ?beenhere@?1??set_enter_exit_once_@Fl_Tooltip@@CAXXZ@4DA 0048d4e2     fltk:Fl_Tooltip.obj
 0003:000060f0       ?tmppen@@3PAXA             0048e0f0     fltk:fl_color.obj
 0003:000060f4       ?savepen@@3PAUHPEN__@@A    0048e0f4     fltk:fl_color.obj
 0003:000060f8       ?xmap@?1??color@Fl_GDI_Graphics_Driver@@UAEXEEE@Z@4UFl_XMap@@A 0048e0f8     fltk:fl_color.obj
 0003:00006108       ?brushes@?1??fl_brush_action@@YAPAUHBRUSH__@@H@Z@4PAUFl_Brush@?1??1@YAPAU2@H@Z@A 0048e108     fltk:fl_color.obj
 0003:000061c8       ?beenhere@?1??fl_select_palette@@YAPAUHPALETTE__@@XZ@4DA 0048e1c8     fltk:fl_color.obj
 0003:000061cc       ?fl_alpha_blend@@3P6GHPAUHDC__@@HHHH0HHHHUFL_BLENDFUNCTION@@@ZA 0048e1cc     fltk:Fl_Double_Window.obj
 0003:000061d0       ?been_here@?1??fl_can_do_alpha_blending@@YADXZ@4DA 0048e1d0     fltk:Fl_Double_Window.obj
 0003:000061d1       ?can_do@?1??fl_can_do_alpha_blending@@YADXZ@4DA 0048e1d1     fltk:Fl_Double_Window.obj
 0003:00006284       ?hMod@?1??newUUID@Fl_Preferences@@SAPBDXZ@4PAUHINSTANCE__@@A 0048e284     fltk:Fl_Preferences.obj
 0003:00006294       ?fl_angle_@@3HA            0048e294     fltk:fl_font.obj
 0003:00006298       ?wstr@@3PAGA               0048e298     fltk:fl_font.obj
 0003:0000629c       ?wstr_len@@3HA             0048e29c     fltk:fl_font.obj
 0003:000062a0       ?fl_GetGlyphIndices@@3P6GKPAUHDC__@@PB_WHPAGK@ZA 0048e2a0     fltk:fl_font.obj
 0003:000062a4       ?have_loaded_GetGlyphIndices@@3HA 0048e2a4     fltk:fl_font.obj
 0003:000062a8       ?ext_buff@?1??text_extents@Fl_GDI_Graphics_Driver@@UAEXPBDHAAH111@Z@4PAGA 0048e2a8     fltk:fl_font.obj
 0003:000062ac       ?w_buff@?1??text_extents@Fl_GDI_Graphics_Driver@@UAEXPBDHAAH111@Z@4PAGA 0048e2ac     fltk:fl_font.obj
 0003:000062b0       ?wc_len@?1??text_extents@Fl_GDI_Graphics_Driver@@UAEXPBDHAAH111@Z@4IA 0048e2b0     fltk:fl_font.obj
 0003:000062c0       ?hMod@?1??draw@Fl_GDI_Printer_Graphics_Driver@@UAEXPAVFl_Pixmap@@HHHHHH@Z@4PAUHINSTANCE__@@A 0048e2c0     fltk:Fl_Pixmap.obj
 0003:000062c4       ?fl_TransparentBlt@?1??draw@Fl_GDI_Printer_Graphics_Driver@@UAEXPAVFl_Pixmap@@HHHHHH@Z@4P6GHPAUHDC__@@HHHH1HHHHI@ZA 0048e2c4     fltk:Fl_Pixmap.obj
 0003:000062c8       ?fl_TransparentBlt@?1??draw@Fl_GDI_Printer_Graphics_Driver@@UAEXPAVFl_Bitmap@@HHHHHH@Z@4P6GHPAUHDC__@@HHHH1HHHHI@ZA 0048e2c8     fltk:Fl_Bitmap.obj
 0003:000062cc       ?hMod@?1??draw@Fl_GDI_Printer_Graphics_Driver@@UAEXPAVFl_Bitmap@@HHHHHH@Z@4PAUHINSTANCE__@@A 0048e2cc     fltk:Fl_Bitmap.obj
 0003:000062d0       ?ri@?1??dither@@YAXPAEPBEHH@Z@4HA 0048e2d0     fltk:fl_draw_image.obj
 0003:000062d4       ?gi@?1??dither@@YAXPAEPBEHH@Z@4HA 0048e2d4     fltk:fl_draw_image.obj
 0003:000062d8       ?bi@?1??dither@@YAXPAEPBEHH@Z@4HA 0048e2d8     fltk:fl_draw_image.obj
 0003:000062dc       ?dir@?1??dither@@YAXPAEPBEHH@Z@4HA 0048e2dc     fltk:fl_draw_image.obj
 0003:000062e0       ?ri@?1??monodither@@YAXPAEPBEHH@Z@4HA 0048e2e0     fltk:fl_draw_image.obj
 0003:000062e4       ?dir@?1??monodither@@YAXPAEPBEHH@Z@4HA 0048e2e4     fltk:fl_draw_image.obj
 0003:000062e8       ?bmibuffer@?1??innards@@YAXPBEHHHHHHHP6AXPAXHHHPAE@Z1@Z@4PAIA 0048e2e8     fltk:fl_draw_image.obj
 0003:00006718       ?buffer@?1??innards@@YAXPBEHHHHHHHP6AXPAXHHHPAE@Z1@Z@4PAIA 0048e718     fltk:fl_draw_image.obj
 0003:0000671c       ?buffer_size@?1??innards@@YAXPBEHHHHHHHP6AXPAXHHHPAE@Z1@Z@4JA 0048e71c     fltk:fl_draw_image.obj
 0003:00006720       ?line_buffer@?1??innards@@YAXPBEHHHHHHHP6AXPAXHHHPAE@Z1@Z@4PAIA 0048e720     fltk:fl_draw_image.obj
 0003:00006724       ?line_buf_size@?CH@??innards@@YAXPBEHHHHHHHP6AXPAXHHHPAE@Z1@Z@4HA 0048e724     fltk:fl_draw_image.obj
 0003:00006730       ?fl_bg_set@@3DA            0048e730     fltk:Fl_get_system_colors.obj
 0003:00006731       ?fl_bg2_set@@3DA           0048e731     fltk:Fl_get_system_colors.obj
 0003:00006732       ?fl_fg_set@@3DA            0048e732     fltk:Fl_get_system_colors.obj
 0003:00006740       ?tile@@3VFl_Pixmap@@A      0048e740     fltk:Fl_get_system_colors.obj
 0003:00006768       ?e@?1??scheme@Fl@@SAHPBD@Z@4PADA 0048e768     fltk:Fl_get_system_colors.obj
 0003:00006ba0       ?mbwbuf@@3PA_WA            0048eba0     fltk:fl_utf8.obj
 0003:00006ba8       ?buf@@3PADA                0048eba8     fltk:fl_utf8.obj
 0003:00006bac       ?buf_len@@3HA              0048ebac     fltk:fl_utf8.obj
 0003:00006bb0       ?wbufa@@3PAGA              0048ebb0     fltk:fl_utf8.obj
 0003:00006bb4       ?wbuf@@3PA_WA              0048ebb4     fltk:fl_utf8.obj
 0003:00006bb8       ?wbuf1@@3PA_WA             0048ebb8     fltk:fl_utf8.obj
 0003:00006bbc       ?table@?1??Toupper@@YAHH@Z@4PAGA 0048ebbc     fltk:fl_utf8.obj
 0003:00006bc0       ?buf@?1??fl_utf2mbcs@@9@4PADA 0048ebc0     fltk:fl_utf8.obj
 0003:00006bc4       ?buf@?1??fl_getenv@@9@4PADA 0048ebc4     fltk:fl_utf8.obj
 0003:00006bc8       ?wbuf@?1??fl_getcwd@@9@4PA_WA 0048ebc8     fltk:fl_utf8.obj
 0003:00006bcc       ?buf@?1??fl_shortcut_label@@YAPBDIPAPBD@Z@4PADA 0048ebcc     fltk:fl_shortcut.obj
 0003:00006c04       ?l_secret@@3HA             0048ec04     fltk:Fl_Input_.obj
 0003:00006c08       ?undobuffer@@3PADA         0048ec08     fltk:Fl_Input_.obj
 0003:00006c0c       ?undobufferlength@@3HA     0048ec0c     fltk:Fl_Input_.obj
 0003:00006c10       ?undowidget@@3PAVFl_Input_@@A 0048ec10     fltk:Fl_Input_.obj
 0003:00006c14       ?undoat@@3HA               0048ec14     fltk:Fl_Input_.obj
 0003:00006c18       ?undocut@@3HA              0048ec18     fltk:Fl_Input_.obj
 0003:00006c1c       ?undoinsert@@3HA           0048ec1c     fltk:Fl_Input_.obj
 0003:00006c20       ?yankcut@@3HA              0048ec20     fltk:Fl_Input_.obj
 0003:00006c24       ?legal_fp_chars@@3PBDB     0048ec24     fltk:Fl_Input.obj
 0003:00006c28       ?dnd_save_position@?1??handle@Fl_Input@@UAEHH@Z@4HA 0048ec28     fltk:Fl_Input.obj
 0003:00006c2c       ?dnd_save_mark@?1??handle@Fl_Input@@UAEHH@Z@4HA 0048ec2c     fltk:Fl_Input.obj
 0003:00006c30       ?newpos@?1??handle@Fl_Input@@UAEHH@Z@4HA 0048ec30     fltk:Fl_Input.obj
 0003:00006c34       ?dnd_save_focus@?1??handle@Fl_Input@@UAEHH@Z@4PAVFl_Widget@@A 0048ec34     fltk:Fl_Input.obj
 0003:00006c3c       ?underline_at@@3PADA       0048ec3c     fltk:fl_draw.obj
 0003:00006c40       ?local_buf@?1??expand_text_@@YAPBDPBDAAPADHNAAHAANHH@Z@4PADA 0048ec40     fltk:fl_draw.obj
 0003:00006c44       ?$TSS0@?1??expand_text_@@YAPBDPBDAAPADHNAAHAANHH@Z@4HA 0048ec44     fltk:fl_draw.obj
 0003:00006c4c       ?pressed_menu_button_@@3PAVFl_Menu_Button@@A 0048ec4c     fltk:Fl_Menu_Button.obj
 0003:00006c50       ?p@@3PAUmenustate@@A       0048ec50     fltk:Fl_Menu.obj
 0003:00006c54       ?button@@3PBVFl_Menu_@@B   0048ec54     fltk:Fl_Menu.obj
 0003:00006c58       ?dummy@?1??popup@Fl_Menu_Item@@QBEPBU2@HHPBDPBU2@PBVFl_Menu_@@@Z@4U2@A 0048ec58     fltk:Fl_Menu.obj
 0003:00006c7c       ?local_array@@3PAUFl_Menu_Item@@A 0048ec7c     fltk:Fl_Menu_add.obj
 0003:00006c80       ?local_array_alloc@@3HA    0048ec80     fltk:Fl_Menu_add.obj
 0003:00006c84       ?local_array_size@@3HA     0048ec84     fltk:Fl_Menu_add.obj
 0003:00006c88       ?offcenter@?9??handle@Fl_Slider@@IAEHHHHHH@Z@4HA 0048ec88     fltk:Fl_Slider.obj
 0003:00006c8c       ?image_new@@3VFl_Bitmap@@A 0048ec8c     fltk:Fl_File_Chooser.obj
 0003:00006cc0       ?pathname@?1??value@Fl_File_Chooser@@QAEPBDH@Z@4PADA 0048ecc0     fltk:Fl_File_Chooser2.obj
 0003:000074c8       ?ncolors@@3HA              0048f4c8     fltk:fl_draw_pixmap.obj
 0003:000074cc       ?chars_per_pixel@@3HA      0048f4cc     fltk:fl_draw_pixmap.obj
 0003:000074d0       ?color_count@@3HA          0048f4d0     fltk:fl_draw_pixmap.obj
 0003:000074d4       ?used_colors@@3PAUUsedColor@@A 0048f4d4     fltk:fl_draw_pixmap.obj
 0003:000074d8       ?table@?1??XUtf8Toupper@@9@9 0048f4d8     fltk:case.obj
 0003:000074e0       ?symbols@@3PAUSYMBOL@@A    0048f4e0     fltk:fl_symbols.obj
 0003:00007ec4       ?beenhere@?1??fl_init_symbols@@YAXXZ@4DA 0048fec4     fltk:fl_symbols.obj
 0003:00007ec8       ?cursor@?1??set_cursor@@YAXPAVFl_Tile@@W4Fl_Cursor@@@Z@4W43@A 0048fec8     fltk:Fl_Tile.obj
 0003:00007ecc       ?sdrag@?1??handle@Fl_Tile@@UAEHH@Z@4HA 0048fecc     fltk:Fl_Tile.obj
 0003:00007ed0       ?sdx@?1??handle@Fl_Tile@@UAEHH@Z@4HA 0048fed0     fltk:Fl_Tile.obj
 0003:00007ed4       ?sdy@?1??handle@Fl_Tile@@UAEHH@Z@4HA 0048fed4     fltk:Fl_Tile.obj
 0003:00007ed8       ?sx@?1??handle@Fl_Tile@@UAEHH@Z@4HA 0048fed8     fltk:Fl_Tile.obj
 0003:00007edc       ?sy@?1??handle@Fl_Tile@@UAEHH@Z@4HA 0048fedc     fltk:Fl_Tile.obj
 0003:00007ee0       ?change@?1??handle@Fl_Browser_@@UAEHH@Z@4DA 0048fee0     fltk:Fl_Browser_.obj
 0003:00007ee1       ?whichway@?1??handle@Fl_Browser_@@UAEHH@Z@4DA 0048fee1     fltk:Fl_Browser_.obj
 0003:00007ee4       ?py@?1??handle@Fl_Browser_@@UAEHH@Z@4HA 0048fee4     fltk:Fl_Browser_.obj
 0003:00007ee8       ?inButtonBar@?1??handle@Fl_File_Input@@UAEHH@Z@4DA 0048fee8     fltk:Fl_File_Input.obj
 0003:00007f08       ?SWAP_TYPE@@3DA            0048ff08     fltkgl:Fl_Gl_Window.obj
 0003:00007f10       ?ortho_context@?DG@??flush@Fl_Gl_Window@@UAEXXZ@4PAUHGLRC__@@A 0048ff10     fltkgl:Fl_Gl_Window.obj
 0003:00007f14       ?ortho_window@?DG@??flush@Fl_Gl_Window@@UAEXXZ@4PAV2@A 0048ff14     fltkgl:Fl_Gl_Window.obj
 0003:00007f18       ?context_list@@3PAPAUHGLRC__@@A 0048ff18     fltkgl:Fl_Gl_Choice.obj
 0003:00007f1c       ?nContext@@3HA             0048ff1c     fltkgl:Fl_Gl_Choice.obj
 0003:00007f20       ?NContext@@3HA             0048ff20     fltkgl:Fl_Gl_Choice.obj
 0003:00007f24       ?first@@3PAVFl_Gl_Choice@@A 0048ff24     fltkgl:Fl_Gl_Choice.obj
 0003:00007f28       ?cached_context@@3PAUHGLRC__@@A 0048ff28     fltkgl:Fl_Gl_Choice.obj
 0003:00007f2c       ?cached_window@@3PAVFl_Window@@A 0048ff2c     fltkgl:Fl_Gl_Choice.obj
 0003:00007f34       ?Gl_Device_Plugin@@3VFl_Gl_Device_Plugin@@A 0048ff34     fltkgl:Fl_Gl_Device_Plugin.obj
 0003:00007f3c       ?gl_fontsize@@3PAVFl_Font_Descriptor@@A 0048ff3c     fltkgl:gl_draw.obj
 0003:00007f40       ?buf@?1??gl_draw@@YAXPBDH@Z@4PA_WA 0048ff40     fltkgl:gl_draw.obj
 0003:00007f44       ?l@?1??gl_draw@@YAXPBDH@Z@4HA 0048ff44     fltkgl:gl_draw.obj
 0003:00007f48       _GS_ExceptionRecord        0048ff48     MSVCRT:gs_report.obj
 0003:00007f98       _GS_ContextRecord          0048ff98     MSVCRT:gs_report.obj
 0003:0000826c       ?is_initialized_as_dll@@3_NA 0049026c     MSVCRT:utility.obj
 0003:0000826d       ?module_local_atexit_table_initialized@@3_NA 0049026d     MSVCRT:utility.obj
 0003:00008270       ?module_local_atexit_table@@3U_onexit_table_t@@A 00490270     MSVCRT:utility.obj
 0003:0000827c       ?module_local_at_quick_exit_table@@3U_onexit_table_t@@A 0049027c     MSVCRT:utility.obj
 0003:00008288       ?g_tss_cv@@3U_RTL_CONDITION_VARIABLE@@A 00490288     MSVCRT:thread_safe_statics.obj
 0003:0000828c       ?g_tss_event@@3PAXA        0049028c     MSVCRT:thread_safe_statics.obj
 0003:00008290       ?g_tss_mutex@@3U_RTL_CRITICAL_SECTION@@A 00490290     MSVCRT:thread_safe_statics.obj
 0003:000082a8       ?g_sleep_condition_variable_cs@@3P6GHPAU_RTL_CONDITION_VARIABLE@@PAU_RTL_CRITICAL_SECTION@@K@ZA 004902a8     MSVCRT:thread_safe_statics.obj
 0003:000082ac       ?g_wake_all_condition_variable@@3P6GXPAU_RTL_CONDITION_VARIABLE@@@ZA 004902ac     MSVCRT:thread_safe_statics.obj
 0003:000082d0       ?_Fac_head@std@@3PAU_Fac_node@1@A 004902d0     msvcprt:locale0_implib.obj
 0003:000082d4       ?_Fac_tidy_reg@std@@3U_Fac_tidy_reg_t@1@B 004902d4     msvcprt:locale0_implib.obj
 0004:00000060       $R000000                   00491060     * linker generated manifest res *
